<html>
<body>
<pre>
<h1>礦ision Build Log</h1>
<h2>Tool Versions:</h2>
IDE-Version: μVision V5.36.0.0
Copyright (C) 2021 ARM Ltd and ARM Germany GmbH. All rights reserved.
License Information: yo hey, hddd, LIC=76F5U-SWT9V-IIU5V-PZWKV-H4EU6-QYSQW
 
Tool Versions:
Toolchain:       MDK-ARM Plus  Version: 5.36.0.0
Toolchain Path:  F:\Keil\ARM\ARMCC\Bin
C Compiler:      Armcc.exe V5.06 update 7 (build 960)
Assembler:       Armasm.exe V5.06 update 7 (build 960)
Linker/Locator:  ArmLink.exe V5.06 update 7 (build 960)
Library Manager: ArmAr.exe V5.06 update 7 (build 960)
Hex Converter:   FromElf.exe V5.06 update 7 (build 960)
CPU DLL:         SARMCM3.DLL V5.36.0.0
Dialog DLL:      DCM.DLL V1.17.3.0
Target DLL:      STLink\ST-LINKIII-KEIL_SWO.dll V3.0.9.0
Dialog DLL:      TCM.DLL V1.53.0.0
 
<h2>Project:</h2>
E:\Desktop\pig3 - 副本\MDK-ARM\pig3.uvprojx
Project File Date:  08/19/2022

<h2>Output:</h2>
*** Using Compiler 'V5.06 update 7 (build 960)', folder: 'F:\Keil\ARM\ARMCC\Bin'
Build target 'pig3'
compiling main.c...
../Hardware/sim900.h(41): warning:  #1-D: last line of file ends without a newline
   
../Hardware/hdmi.h(7): warning:  #1-D: last line of file ends without a newline
  #endif
../Core/Src/main.c(131): warning:  #188-D: enumerated type mixed with another type
  	HAL_GPIO_WritePin(LED_GPIO_Port,LED_Pin,1);//关灯
../Core/Src/main.c(147): warning:  #223-D: function "memset" declared implicitly
  		memset(hdmi_n0msg,'\0',sizeof(hdmi_n0msg));
../Core/Src/main.c(175): warning:  #188-D: enumerated type mixed with another type
  			HAL_GPIO_WritePin(LED_GPIO_Port,LED_Pin,0);//开灯
../Core/Src/main.c(188): warning:  #188-D: enumerated type mixed with another type
  		else 	HAL_GPIO_WritePin(LED_GPIO_Port,LED_Pin,1);//关灯
../Core/Src/main.c(306): warning:  #223-D: function "memcpy" declared implicitly
  		memcpy(warn,USART3_RXbuff,sizeof(USART3_RXbuff));
../Core/Src/main.c(307): warning:  #223-D: function "memset" declared implicitly
  		memset(USART3_RXbuff,'\0',sizeof(USART3_RXbuff));
../Core/Src/main.c: 8 warnings, 0 errors
linking...
Program Size: Code=20266 RO-data=510 RW-data=268 ZI-data=2444  
FromELF: creating hex file...
"pig3\pig3.axf" - 0 Error(s), 8 Warning(s).

<h2>Software Packages used:</h2>

Package Vendor: ARM
                http://www.keil.com/pack/ARM.CMSIS.5.8.0.pack
                ARM.CMSIS.5.8.0
                CMSIS (Common Microcontroller Software Interface Standard)
   * Component: CORE Version: 5.5.0

Package Vendor: Keil
                http://www.keil.com/pack/Keil.STM32F1xx_DFP.2.4.0.pack
                Keil.STM32F1xx_DFP.2.4.0
                STMicroelectronics STM32F1 Series Device Support, Drivers and Examples

<h2>Collection of Component include folders:</h2>
  .\RTE\_pig3
  F:\Keil\Pack\ARM\CMSIS\5.8.0\CMSIS\Core\Include
  F:\Keil\Pack\Keil\STM32F1xx_DFP\2.4.0\Device\Include

<h2>Collection of Component Files used:</h2>

   * Component: ARM::CMSIS:CORE:5.5.0
      Include file:  CMSIS\Core\Include\tz_context.h
Build Time Elapsed:  00:00:04
</pre>
</body>
</html>
