Component: ARM Compiler 5.06 update 7 (build 960) Tool: armlink [4d3601]

==============================================================================

Section Cross References

    startup_stm32f103xe.o(STACK) refers (Special) to heapauxi.o(.text) for __use_two_region_memory
    startup_stm32f103xe.o(HEAP) refers (Special) to heapauxi.o(.text) for __use_two_region_memory
    startup_stm32f103xe.o(RESET) refers (Special) to heapauxi.o(.text) for __use_two_region_memory
    startup_stm32f103xe.o(RESET) refers to startup_stm32f103xe.o(STACK) for __initial_sp
    startup_stm32f103xe.o(RESET) refers to startup_stm32f103xe.o(.text) for Reset_Handler
    startup_stm32f103xe.o(RESET) refers to stm32f1xx_it.o(i.NMI_Handler) for NMI_Handler
    startup_stm32f103xe.o(RESET) refers to stm32f1xx_it.o(i.HardFault_Handler) for HardFault_Handler
    startup_stm32f103xe.o(RESET) refers to stm32f1xx_it.o(i.MemManage_Handler) for MemManage_Handler
    startup_stm32f103xe.o(RESET) refers to stm32f1xx_it.o(i.BusFault_Handler) for BusFault_Handler
    startup_stm32f103xe.o(RESET) refers to stm32f1xx_it.o(i.UsageFault_Handler) for UsageFault_Handler
    startup_stm32f103xe.o(RESET) refers to stm32f1xx_it.o(i.SVC_Handler) for SVC_Handler
    startup_stm32f103xe.o(RESET) refers to stm32f1xx_it.o(i.DebugMon_Handler) for DebugMon_Handler
    startup_stm32f103xe.o(RESET) refers to stm32f1xx_it.o(i.PendSV_Handler) for PendSV_Handler
    startup_stm32f103xe.o(RESET) refers to stm32f1xx_it.o(i.SysTick_Handler) for SysTick_Handler
    startup_stm32f103xe.o(RESET) refers to stm32f1xx_it.o(i.I2C2_EV_IRQHandler) for I2C2_EV_IRQHandler
    startup_stm32f103xe.o(RESET) refers to stm32f1xx_it.o(i.USART2_IRQHandler) for USART2_IRQHandler
    startup_stm32f103xe.o(RESET) refers to stm32f1xx_it.o(i.UART4_IRQHandler) for UART4_IRQHandler
    startup_stm32f103xe.o(RESET) refers to stm32f1xx_it.o(i.TIM6_IRQHandler) for TIM6_IRQHandler
    startup_stm32f103xe.o(RESET) refers to stm32f1xx_it.o(i.TIM7_IRQHandler) for TIM7_IRQHandler
    startup_stm32f103xe.o(.text) refers (Special) to heapauxi.o(.text) for __use_two_region_memory
    startup_stm32f103xe.o(.text) refers to system_stm32f1xx.o(i.SystemInit) for SystemInit
    startup_stm32f103xe.o(.text) refers to __main.o(!!!main) for __main
    startup_stm32f103xe.o(.text) refers to startup_stm32f103xe.o(HEAP) for Heap_Mem
    startup_stm32f103xe.o(.text) refers to startup_stm32f103xe.o(STACK) for Stack_Mem
    max30102.o(i.buffInsert) refers to max30102.o(.bss) for sampleBuff
    max30102.o(i.calAcDc) refers to max30102.o(.bss) for sampleBuff
    max30102.o(i.filter) refers to max30102.o(.bss) for sampleBuff
    max30102.o(i.max30102_OFF) refers to stm32f1xx_hal_i2c.o(i.HAL_I2C_Mem_Read) for HAL_I2C_Mem_Read
    max30102.o(i.max30102_OFF) refers to stm32f1xx_hal_i2c.o(i.HAL_I2C_Mem_Write) for HAL_I2C_Mem_Write
    max30102.o(i.max30102_OFF) refers to i2c.o(.bss) for hi2c1
    max30102.o(i.max30102_ON) refers to stm32f1xx_hal_i2c.o(i.HAL_I2C_Mem_Read) for HAL_I2C_Mem_Read
    max30102.o(i.max30102_ON) refers to stm32f1xx_hal_i2c.o(i.HAL_I2C_Mem_Write) for HAL_I2C_Mem_Write
    max30102.o(i.max30102_ON) refers to i2c.o(.bss) for hi2c1
    max30102.o(i.max30102_cal) refers to max30102.o(i.max30102_getUnreadSampleCount) for max30102_getUnreadSampleCount
    max30102.o(i.max30102_cal) refers to max30102.o(i.max30102_getFIFO) for max30102_getFIFO
    max30102.o(i.max30102_cal) refers to max30102.o(i.buffInsert) for buffInsert
    max30102.o(i.max30102_cal) refers to max30102.o(i.calAcDc) for calAcDc
    max30102.o(i.max30102_cal) refers to max30102.o(i.filter) for filter
    max30102.o(i.max30102_cal) refers to fflt_clz.o(x$fpl$ffltu) for __aeabi_ui2f
    max30102.o(i.max30102_cal) refers to fdiv.o(x$fpl$fdiv) for __aeabi_fdiv
    max30102.o(i.max30102_cal) refers to f2d.o(x$fpl$f2d) for __aeabi_f2d
    max30102.o(i.max30102_cal) refers to drleqf.o(x$fpl$drleqf) for __aeabi_cdrcmple
    max30102.o(i.max30102_cal) refers to dleqf.o(x$fpl$dleqf) for __aeabi_cdcmple
    max30102.o(i.max30102_cal) refers to fmul.o(x$fpl$fmul) for __aeabi_fmul
    max30102.o(i.max30102_cal) refers to faddsub_clz.o(x$fpl$frsb) for __aeabi_frsub
    max30102.o(i.max30102_cal) refers to ffixu.o(x$fpl$ffixu) for __aeabi_f2uiz
    max30102.o(i.max30102_cal) refers to fleqf.o(x$fpl$fleqf) for __aeabi_cfcmple
    max30102.o(i.max30102_cal) refers to daddsub_clz.o(x$fpl$drsb) for __aeabi_drsub
    max30102.o(i.max30102_cal) refers to dfixu.o(x$fpl$dfixu) for __aeabi_d2uiz
    max30102.o(i.max30102_cal) refers to ddiv.o(x$fpl$ddiv) for __aeabi_ddiv
    max30102.o(i.max30102_cal) refers to max30102.o(.data) for heartRate
    max30102.o(i.max30102_cal) refers to max30102.o(.bss) for lastTenBeatSampleCount
    max30102.o(i.max30102_getDiff) refers to max30102.o(.data) for eachSampleDiff
    max30102.o(i.max30102_getFIFO) refers to stm32f1xx_hal_i2c.o(i.HAL_I2C_Mem_Read) for HAL_I2C_Mem_Read
[...]
    I2C_SlaveReceive_RXNE                    0x080036a3   Thumb Code    70  stm32f1xx_hal_i2c.o(i.I2C_SlaveReceive_RXNE)
    i.I2C_SlaveTransmit_BTF                  0x080036e8   Section        0  stm32f1xx_hal_i2c.o(i.I2C_SlaveTransmit_BTF)
    I2C_SlaveTransmit_BTF                    0x080036e9   Thumb Code    26  stm32f1xx_hal_i2c.o(i.I2C_SlaveTransmit_BTF)
    i.I2C_SlaveTransmit_TXE                  0x08003702   Section        0  stm32f1xx_hal_i2c.o(i.I2C_SlaveTransmit_TXE)
    I2C_SlaveTransmit_TXE                    0x08003703   Thumb Code    70  stm32f1xx_hal_i2c.o(i.I2C_SlaveTransmit_TXE)
    i.I2C_Slave_ADDR                         0x08003748   Section        0  stm32f1xx_hal_i2c.o(i.I2C_Slave_ADDR)
    I2C_Slave_ADDR                           0x08003749   Thumb Code   112  stm32f1xx_hal_i2c.o(i.I2C_Slave_ADDR)
    i.I2C_Slave_STOPF                        0x080037b8   Section        0  stm32f1xx_hal_i2c.o(i.I2C_Slave_STOPF)
    I2C_Slave_STOPF                          0x080037b9   Thumb Code   386  stm32f1xx_hal_i2c.o(i.I2C_Slave_STOPF)
    i.I2C_WaitOnBTFFlagUntilTimeout          0x08003944   Section        0  stm32f1xx_hal_i2c.o(i.I2C_WaitOnBTFFlagUntilTimeout)
    I2C_WaitOnBTFFlagUntilTimeout            0x08003945   Thumb Code    92  stm32f1xx_hal_i2c.o(i.I2C_WaitOnBTFFlagUntilTimeout)
    i.I2C_WaitOnFlagUntilTimeout             0x080039a0   Section        0  stm32f1xx_hal_i2c.o(i.I2C_WaitOnFlagUntilTimeout)
    I2C_WaitOnFlagUntilTimeout               0x080039a1   Thumb Code   134  stm32f1xx_hal_i2c.o(i.I2C_WaitOnFlagUntilTimeout)
    i.I2C_WaitOnMasterAddressFlagUntilTimeout 0x08003a26   Section        0  stm32f1xx_hal_i2c.o(i.I2C_WaitOnMasterAddressFlagUntilTimeout)
    I2C_WaitOnMasterAddressFlagUntilTimeout  0x08003a27   Thumb Code   196  stm32f1xx_hal_i2c.o(i.I2C_WaitOnMasterAddressFlagUntilTimeout)
    i.I2C_WaitOnRXNEFlagUntilTimeout         0x08003aea   Section        0  stm32f1xx_hal_i2c.o(i.I2C_WaitOnRXNEFlagUntilTimeout)
    I2C_WaitOnRXNEFlagUntilTimeout           0x08003aeb   Thumb Code   128  stm32f1xx_hal_i2c.o(i.I2C_WaitOnRXNEFlagUntilTimeout)
    i.I2C_WaitOnSTOPRequestThroughIT         0x08003b6c   Section        0  stm32f1xx_hal_i2c.o(i.I2C_WaitOnSTOPRequestThroughIT)
    I2C_WaitOnSTOPRequestThroughIT           0x08003b6d   Thumb Code    74  stm32f1xx_hal_i2c.o(i.I2C_WaitOnSTOPRequestThroughIT)
    i.I2C_WaitOnTXEFlagUntilTimeout          0x08003bbc   Section        0  stm32f1xx_hal_i2c.o(i.I2C_WaitOnTXEFlagUntilTimeout)
    I2C_WaitOnTXEFlagUntilTimeout            0x08003bbd   Thumb Code    92  stm32f1xx_hal_i2c.o(i.I2C_WaitOnTXEFlagUntilTimeout)
    i.MX_GPIO_Init                           0x08003c18   Section        0  gpio.o(i.MX_GPIO_Init)
    i.MX_I2C1_Init                           0x08003d0c   Section        0  i2c.o(i.MX_I2C1_Init)
    i.MX_I2C2_Init                           0x08003d48   Section        0  i2c.o(i.MX_I2C2_Init)
    i.MX_TIM6_Init                           0x08003d84   Section        0  tim.o(i.MX_TIM6_Init)
    i.MX_TIM7_Init                           0x08003dd0   Section        0  tim.o(i.MX_TIM7_Init)
    i.MX_UART4_Init                          0x08003e1c   Section        0  usart.o(i.MX_UART4_Init)
    i.MX_USART1_UART_Init                    0x08003e54   Section        0  usart.o(i.MX_USART1_UART_Init)
    i.MX_USART2_UART_Init                    0x08003e8c   Section        0  usart.o(i.MX_USART2_UART_Init)
    i.MemManage_Handler                      0x08003ec4   Section        0  stm32f1xx_it.o(i.MemManage_Handler)
    i.NMI_Handler                            0x08003ec8   Section        0  stm32f1xx_it.o(i.NMI_Handler)
    i.Net_Things_Init                        0x08003ecc   Section        0  esp8266.o(i.Net_Things_Init)
    i.OLED_Clear                             0x08003f5c   Section        0  oled.o(i.OLED_Clear)
    i.OLED_Init                              0x08003f88   Section        0  oled.o(i.OLED_Init)
    i.OLED_Set_Pos                           0x080041cc   Section        0  oled.o(i.OLED_Set_Pos)
    i.OLED_ShowString                        0x080041e0   Section        0  oled.o(i.OLED_ShowString)
    i.OLED_WR_Byte                           0x08004240   Section        0  oled.o(i.OLED_WR_Byte)
    i.OLED_drawChart                         0x08004294   Section        0  oled.o(i.OLED_drawChart)
    i.OLED_showHeart                         0x080043bc   Section        0  oled.o(i.OLED_showHeart)
    i.OLED_showNum                           0x0800447c   Section        0  oled.o(i.OLED_showNum)
    i.PendSV_Handler                         0x08004594   Section        0  stm32f1xx_it.o(i.PendSV_Handler)
    i.Property_Post                          0x08004598   Section        0  esp8266.o(i.Property_Post)
    i.RCC_Delay                              0x08004674   Section        0  stm32f1xx_hal_rcc.o(i.RCC_Delay)
    RCC_Delay                                0x08004675   Thumb Code    36  stm32f1xx_hal_rcc.o(i.RCC_Delay)
    i.SVC_Handler                            0x0800469c   Section        0  stm32f1xx_it.o(i.SVC_Handler)
    i.SysTick_Handler                        0x0800469e   Section        0  stm32f1xx_it.o(i.SysTick_Handler)
    i.SystemClock_Config                     0x080046a6   Section        0  main.o(i.SystemClock_Config)
    i.SystemInit                             0x0800470c   Section        0  system_stm32f1xx.o(i.SystemInit)
    i.TIM6_IRQHandler                        0x08004710   Section        0  stm32f1xx_it.o(i.TIM6_IRQHandler)
    i.TIM7_IRQHandler                        0x08004720   Section        0  stm32f1xx_it.o(i.TIM7_IRQHandler)
    i.TIM_Base_SetConfig                     0x08004730   Section        0  stm32f1xx_hal_tim.o(i.TIM_Base_SetConfig)
    i.UART4_IRQHandler                       0x080047cc   Section        0  stm32f1xx_it.o(i.UART4_IRQHandler)
    i.UART_DMAAbortOnError                   0x080047dc   Section        0  stm32f1xx_hal_uart.o(i.UART_DMAAbortOnError)
    UART_DMAAbortOnError                     0x080047dd   Thumb Code    20  stm32f1xx_hal_uart.o(i.UART_DMAAbortOnError)
    i.UART_EndRxTransfer                     0x080047f0   Section        0  stm32f1xx_hal_uart.o(i.UART_EndRxTransfer)
    UART_EndRxTransfer                       0x080047f1   Thumb Code    54  stm32f1xx_hal_uart.o(i.UART_EndRxTransfer)
    i.UART_EndTransmit_IT                    0x08004826   Section        0  stm32f1xx_hal_uart.o(i.UART_EndTransmit_IT)
    UART_EndTransmit_IT                      0x08004827   Thumb Code    32  stm32f1xx_hal_uart.o(i.UART_EndTransmit_IT)
    i.UART_Receive_IT                        0x08004846   Section        0  stm32f1xx_hal_uart.o(i.UART_Receive_IT)
    UART_Receive_IT                          0x08004847   Thumb Code   228  stm32f1xx_hal_uart.o(i.UART_Receive_IT)
    i.UART_SetConfig                         0x0800492c   Section        0  stm32f1xx_hal_uart.o(i.UART_SetConfig)
    UART_SetConfig                           0x0800492d   Thumb Code   248  stm32f1xx_hal_uart.o(i.UART_SetConfig)
    i.UART_Start_Receive_IT                  0x08004a28   Section        0  stm32f1xx_hal_uart.o(i.UART_Start_Receive_IT)
    i.UART_Transmit_IT                       0x08004a6e   Section        0  stm32f1xx_hal_uart.o(i.UART_Transmit_IT)
    UART_Transmit_IT                         0x08004a6f   Thumb Code    96  stm32f1xx_hal_uart.o(i.UART_Transmit_IT)
    i.UART_WaitOnFlagUntilTimeout            0x08004ace   Section        0  stm32f1xx_hal_uart.o(i.UART_WaitOnFlagUntilTimeout)
    UART_WaitOnFlagUntilTimeout              0x08004acf   Thumb Code   108  stm32f1xx_hal_uart.o(i.UART_WaitOnFlagUntilTimeout)
    i.USART2_IRQHandler                      0x08004b3c   Section        0  stm32f1xx_it.o(i.USART2_IRQHandler)
    i.UsageFault_Handler                     0x08004b8c   Section        0  stm32f1xx_it.o(i.UsageFault_Handler)
    i.__NVIC_GetPriorityGrouping             0x08004b90   Section        0  stm32f1xx_hal_cortex.o(i.__NVIC_GetPriorityGrouping)
    __NVIC_GetPriorityGrouping               0x08004b91   Thumb Code    10  stm32f1xx_hal_cortex.o(i.__NVIC_GetPriorityGrouping)
    i.__NVIC_SetPriority                     0x08004ba0   Section        0  stm32f1xx_hal_cortex.o(i.__NVIC_SetPriority)
    __NVIC_SetPriority                       0x08004ba1   Thumb Code    32  stm32f1xx_hal_cortex.o(i.__NVIC_SetPriority)
    i._sys_exit                              0x08004bc8   Section        0  usart.o(i._sys_exit)
    i.buffInsert                             0x08004bcc   Section        0  max30102.o(i.buffInsert)
    i.calAcDc                                0x08004c04   Section        0  max30102.o(i.calAcDc)
    i.filter                                 0x08004cc4   Section        0  max30102.o(i.filter)
    i.fputc                                  0x08004d00   Section        0  usart.o(i.fputc)
    i.main                                   0x08004d1c   Section        0  main.o(i.main)
    i.max                                    0x08004ed8   Section        0  oled.o(i.max)
    i.max30102_cal                           0x08004ee8   Section        0  max30102.o(i.max30102_cal)
    i.max30102_getDiff                       0x08005104   Section        0  max30102.o(i.max30102_getDiff)
    i.max30102_getFIFO                       0x08005110   Section        0  max30102.o(i.max30102_getFIFO)
    i.max30102_getHeartRate                  0x080051c0   Section        0  max30102.o(i.max30102_getHeartRate)
    i.max30102_getSpO2                       0x080051cc   Section        0  max30102.o(i.max30102_getSpO2)
    i.max30102_getStatus                     0x080051d8   Section        0  max30102.o(i.max30102_getStatus)
    i.max30102_getUnreadSampleCount          0x08005224   Section        0  max30102.o(i.max30102_getUnreadSampleCount)
    i.max30102_init                          0x08005290   Section        0  max30102.o(i.max30102_init)
    i.min                                    0x080053d0   Section        0  oled.o(i.min)
    x$fpl$dadd                               0x080053e0   Section      336  daddsub_clz.o(x$fpl$dadd)
    _dadd1                                   0x080053f1   Thumb Code     0  daddsub_clz.o(x$fpl$dadd)
    x$fpl$dcmpinf                            0x08005530   Section       24  dcmpi.o(x$fpl$dcmpinf)
    x$fpl$ddiv                               0x08005548   Section      688  ddiv.o(x$fpl$ddiv)
    ddiv_entry                               0x0800554f   Thumb Code     0  ddiv.o(x$fpl$ddiv)
    x$fpl$dfixu                              0x080057f8   Section       90  dfixu.o(x$fpl$dfixu)
    x$fpl$dleqf                              0x08005854   Section      120  dleqf.o(x$fpl$dleqf)
    x$fpl$dmul                               0x080058cc   Section      340  dmul.o(x$fpl$dmul)
    x$fpl$dnaninf                            0x08005a20   Section      156  dnaninf.o(x$fpl$dnaninf)
    x$fpl$dretinf                            0x08005abc   Section       12  dretinf.o(x$fpl$dretinf)
    x$fpl$drleqf                             0x08005ac8   Section      108  drleqf.o(x$fpl$drleqf)
    x$fpl$drsb                               0x08005b34   Section       22  daddsub_clz.o(x$fpl$drsb)
    x$fpl$dsub                               0x08005b4c   Section      468  daddsub_clz.o(x$fpl$dsub)
    _dsub1                                   0x08005b5d   Thumb Code     0  daddsub_clz.o(x$fpl$dsub)
    x$fpl$f2d                                0x08005d20   Section       86  f2d.o(x$fpl$f2d)
    x$fpl$fadd                               0x08005d78   Section      196  faddsub_clz.o(x$fpl$fadd)
    _fadd1                                   0x08005d87   Thumb Code     0  faddsub_clz.o(x$fpl$fadd)
    x$fpl$fcmpinf                            0x08005e3c   Section       24  fcmpi.o(x$fpl$fcmpinf)
    x$fpl$fdiv                               0x08005e54   Section      388  fdiv.o(x$fpl$fdiv)
    _fdiv1                                   0x08005e55   Thumb Code     0  fdiv.o(x$fpl$fdiv)
    x$fpl$ffixu                              0x08005fd8   Section       62  ffixu.o(x$fpl$ffixu)
    x$fpl$fflt                               0x08006018   Section       48  fflt_clz.o(x$fpl$fflt)
    x$fpl$ffltu                              0x08006048   Section       38  fflt_clz.o(x$fpl$ffltu)
    x$fpl$fleqf                              0x08006070   Section      104  fleqf.o(x$fpl$fleqf)
    x$fpl$fmul                               0x080060d8   Section      258  fmul.o(x$fpl$fmul)
    x$fpl$fnaninf                            0x080061da   Section      140  fnaninf.o(x$fpl$fnaninf)
    x$fpl$fretinf                            0x08006266   Section       10  fretinf.o(x$fpl$fretinf)
    x$fpl$frsb                               0x08006270   Section       20  faddsub_clz.o(x$fpl$frsb)
    x$fpl$fsub                               0x08006284   Section      234  faddsub_clz.o(x$fpl$fsub)
    _fsub1                                   0x08006293   Thumb Code     0  faddsub_clz.o(x$fpl$fsub)
    .constdata                               0x0800636e   Section      632  oled.o(.constdata)
    x$fpl$usenofp                            0x0800636e   Section        0  usenofp.o(x$fpl$usenofp)
    .constdata                               0x080065e6   Section       24  system_stm32f1xx.o(.constdata)
    .data                                    0x20000000   Section       24  max30102.o(.data)
    eachBeatSampleCount                      0x20000012   Data           1  max30102.o(.data)
    last_iRed                                0x20000014   Data           4  max30102.o(.data)
    .data                                    0x20000018   Section        7  oled.o(.data)
    y                                        0x2000001d   Data           1  oled.o(.data)
    dat                                      0x2000001e   Data           1  oled.o(.data)
    .data                                    0x2000001f   Section      627  esp8266.o(.data)
    .data                                    0x20000294   Section        9  main.o(.data)
    .data                                    0x200002a0   Section        8  usart.o(.data)
    .data                                    0x200002a8   Section        9  stm32f1xx_hal.o(.data)
    .data                                    0x200002b4   Section        4  system_stm32f1xx.o(.data)
    .bss                                     0x200002b8   Section      410  max30102.o(.bss)
    lastTenBeatSampleCount                   0x20000448   Data          10  max30102.o(.bss)
    .bss                                     0x20000452   Section     1024  oled.o(.bss)
    .bss                                     0x20000854   Section      168  i2c.o(.bss)
    .bss                                     0x200008fc   Section      144  tim.o(.bss)
    .bss                                     0x2000098c   Section      404  usart.o(.bss)
    .bss                                     0x20000b20   Section       96  libspace.o(.bss)
    HEAP                                     0x20000b80   Section      512  startup_stm32f103xe.o(HEAP)
    Heap_Mem                                 0x20000b80   Data         512  startup_stm32f103xe.o(HEAP)
    STACK                                    0x20000d80   Section     1024  startup_stm32f103xe.o(STACK)
    Stack_Mem                                0x20000d80   Data        1024  startup_stm32f103xe.o(STACK)
    __initial_sp                             0x20001180   Data           0  startup_stm32f103xe.o(STACK)

    Global Symbols

    Symbol Name                              Value     Ov Type        Size  Object(Section)

    BuildAttributes$$THM_ISAv4$P$D$K$B$S$PE$A:L22UL41UL21$X:L11$S22US41US21$IEEE1$IW$USESV6$~STKCKD$USESV7$~SHL$OSPACE$ROPI$EBA8$UX$STANDARDLIB$REQ8$PRES8$EABIv2 0x00000000   Number         0  anon$$obj.o ABSOLUTE
    __ARM_use_no_argv                        0x00000000   Number         0  main.o ABSOLUTE
    __ARM_exceptions_init                     - Undefined Weak Reference
    __alloca_initialize                       - Undefined Weak Reference
    __arm_fini_                               - Undefined Weak Reference
    __arm_preinit_                            - Undefined Weak Reference
    __cpp_initialize__aeabi_                  - Undefined Weak Reference
    __cxa_finalize                            - Undefined Weak Reference
    __rt_locale                               - Undefined Weak Reference
    __sigvec_lookup                           - Undefined Weak Reference
    _atexit_init                              - Undefined Weak Reference
    _call_atexit_fns                          - Undefined Weak Reference
    _clock_init                               - Undefined Weak Reference
    _fp_trap_init                             - Undefined Weak Reference
    _fp_trap_shutdown                         - Undefined Weak Reference
    _get_lc_collate                           - Undefined Weak Reference
    _get_lc_ctype                             - Undefined Weak Reference
    _get_lc_monetary                          - Undefined Weak Reference
    _get_lc_numeric                           - Undefined Weak Reference
    _get_lc_time                              - Undefined Weak Reference
    _getenv_init                              - Undefined Weak Reference
    _handle_redirection                       - Undefined Weak Reference
    _init_alloc                               - Undefined Weak Reference
    _init_user_alloc                          - Undefined Weak Reference
    _initio                                   - Undefined Weak Reference
    _mutex_acquire                            - Undefined Weak Reference
    _mutex_release                            - Undefined Weak Reference
    _printf_post_padding                      - Undefined Weak Reference
    _printf_pre_padding                       - Undefined Weak Reference
    _printf_truncate_signed                   - Undefined Weak Reference
    _printf_truncate_unsigned                 - Undefined Weak Reference
    _rand_init                                - Undefined Weak Reference
    _signal_finish                            - Undefined Weak Reference
    _signal_init                              - Undefined Weak Reference
    _terminate_alloc                          - Undefined Weak Reference
    _terminate_user_alloc                     - Undefined Weak Reference
    _terminateio                              - Undefined Weak Reference
    __Vectors_Size                           0x00000130   Number         0  startup_stm32f103xe.o ABSOLUTE
    __Vectors                                0x08000000   Data           4  startup_stm32f103xe.o(RESET)
    __Vectors_End                            0x08000130   Data           0  startup_stm32f103xe.o(RESET)
    __main                                   0x08000131   Thumb Code     8  __main.o(!!!main)
    __scatterload                            0x08000139   Thumb Code     0  __scatter.o(!!!scatter)
    __scatterload_rt2                        0x08000139   Thumb Code    44  __scatter.o(!!!scatter)
    __scatterload_rt2_thumb_only             0x08000139   Thumb Code     0  __scatter.o(!!!scatter)
    __scatterload_null                       0x08000147   Thumb Code     0  __scatter.o(!!!scatter)
    __decompress                             0x0800016d   Thumb Code    90  __dczerorl2.o(!!dczerorl2)
    __decompress1                            0x0800016d   Thumb Code     0  __dczerorl2.o(!!dczerorl2)
    __scatterload_zeroinit                   0x080001c9   Thumb Code    28  __scatter_zi.o(!!handler_zi)
    _printf_d                                0x080001e5   Thumb Code     0  _printf_d.o(.ARM.Collect$$_printf_percent$$00000009)
    _printf_percent                          0x080001e5   Thumb Code     0  _printf_percent.o(.ARM.Collect$$_printf_percent$$00000000)
    _printf_percent_end                      0x080001eb   Thumb Code     0  _printf_percent_end.o(.ARM.Collect$$_printf_percent$$00000017)
    __rt_lib_init                            0x080001ef   Thumb Code     0  libinit.o(.ARM.Collect$$libinit$$00000000)
    __rt_lib_init_alloca_1                   0x080001f1   Thumb Code     0  libinit2.o(.ARM.Collect$$libinit$$0000002E)
    __rt_lib_init_argv_1                     0x080001f1   Thumb Code     0  libinit2.o(.ARM.Collect$$libinit$$0000002C)
    __rt_lib_init_atexit_1                   0x080001f1   Thumb Code     0  libinit2.o(.ARM.Collect$$libinit$$0000001B)
    __rt_lib_init_clock_1                    0x080001f1   Thumb Code     0  libinit2.o(.ARM.Collect$$libinit$$00000021)
    __rt_lib_init_cpp_1                      0x080001f1   Thumb Code     0  libinit2.o(.ARM.Collect$$libinit$$00000032)
    __rt_lib_init_exceptions_1               0x080001f1   Thumb Code     0  libinit2.o(.ARM.Collect$$libinit$$00000030)
    __rt_lib_init_fp_1                       0x080001f1   Thumb Code     0  libinit2.o(.ARM.Collect$$libinit$$00000002)
    __rt_lib_init_fp_trap_1                  0x080001f1   Thumb Code     0  libinit2.o(.ARM.Collect$$libinit$$0000001F)
    __rt_lib_init_getenv_1                   0x080001f1   Thumb Code     0  libinit2.o(.ARM.Collect$$libinit$$00000023)
    __rt_lib_init_heap_1                     0x080001f1   Thumb Code     0  libinit2.o(.ARM.Collect$$libinit$$0000000A)
    __rt_lib_init_lc_collate_1               0x080001f1   Thumb Code     0  libinit2.o(.ARM.Collect$$libinit$$00000011)
    __rt_lib_init_lc_ctype_1                 0x080001f1   Thumb Code     0  libinit2.o(.ARM.Collect$$libinit$$00000013)
    __rt_lib_init_lc_monetary_1              0x080001f1   Thumb Code     0  libinit2.o(.ARM.Collect$$libinit$$00000015)
    __rt_lib_init_lc_numeric_1               0x080001f1   Thumb Code     0  libinit2.o(.ARM.Collect$$libinit$$00000017)
    __rt_lib_init_lc_time_1                  0x080001f1   Thumb Code     0  libinit2.o(.ARM.Collect$$libinit$$00000019)
    __rt_lib_init_preinit_1                  0x080001f1   Thumb Code     0  libinit2.o(.ARM.Collect$$libinit$$00000004)
    __rt_lib_init_rand_1                     0x080001f1   Thumb Code     0  libinit2.o(.ARM.Collect$$libinit$$0000000E)
    __rt_lib_init_return                     0x080001f1   Thumb Code     0  libinit2.o(.ARM.Collect$$libinit$$00000033)
    __rt_lib_init_signal_1                   0x080001f1   Thumb Code     0  libinit2.o(.ARM.Collect$$libinit$$0000001D)
    __rt_lib_init_stdio_1                    0x080001f1   Thumb Code     0  libinit2.o(.ARM.Collect$$libinit$$00000025)
    __rt_lib_init_user_alloc_1               0x080001f1   Thumb Code     0  libinit2.o(.ARM.Collect$$libinit$$0000000C)
    __rt_lib_shutdown                        0x080001f3   Thumb Code     0  libshutdown.o(.ARM.Collect$$libshutdown$$00000000)
    __rt_lib_shutdown_cpp_1                  0x080001f5   Thumb Code     0  libshutdown2.o(.ARM.Collect$$libshutdown$$00000004)
    __rt_lib_shutdown_fini_1                 0x080001f5   Thumb Code     0  libshutdown2.o(.ARM.Collect$$libshutdown$$00000002)
    __rt_lib_shutdown_fp_trap_1              0x080001f5   Thumb Code     0  libshutdown2.o(.ARM.Collect$$libshutdown$$00000009)
    __rt_lib_shutdown_heap_1                 0x080001f5   Thumb Code     0  libshutdown2.o(.ARM.Collect$$libshutdown$$00000011)
    __rt_lib_shutdown_return                 0x080001f5   Thumb Code     0  libshutdown2.o(.ARM.Collect$$libshutdown$$00000012)
    __rt_lib_shutdown_signal_1               0x080001f5   Thumb Code     0  libshutdown2.o(.ARM.Collect$$libshutdown$$0000000C)
    __rt_lib_shutdown_stdio_1                0x080001f5   Thumb Code     0  libshutdown2.o(.ARM.Collect$$libshutdown$$00000006)
    __rt_lib_shutdown_user_alloc_1           0x080001f5   Thumb Code     0  libshutdown2.o(.ARM.Collect$$libshutdown$$0000000E)
    __rt_entry                               0x080001f7   Thumb Code     0  __rtentry.o(.ARM.Collect$$rtentry$$00000000)
    __rt_entry_presh_1                       0x080001f7   Thumb Code     0  __rtentry2.o(.ARM.Collect$$rtentry$$00000002)
    __rt_entry_sh                            0x080001f7   Thumb Code     0  __rtentry4.o(.ARM.Collect$$rtentry$$00000004)
    __rt_entry_li                            0x080001fd   Thumb Code     0  __rtentry2.o(.ARM.Collect$$rtentry$$0000000A)
    __rt_entry_postsh_1                      0x080001fd   Thumb Code     0  __rtentry2.o(.ARM.Collect$$rtentry$$00000009)
    __rt_entry_main                          0x08000201   Thumb Code     0  __rtentry2.o(.ARM.Collect$$rtentry$$0000000D)
    __rt_entry_postli_1                      0x08000201   Thumb Code     0  __rtentry2.o(.ARM.Collect$$rtentry$$0000000C)
    __rt_exit                                0x08000209   Thumb Code     0  rtexit.o(.ARM.Collect$$rtexit$$00000000)
    __rt_exit_ls                             0x0800020b   Thumb Code     0  rtexit2.o(.ARM.Collect$$rtexit$$00000003)
    __rt_exit_prels_1                        0x0800020b   Thumb Code     0  rtexit2.o(.ARM.Collect$$rtexit$$00000002)
    __rt_exit_exit                           0x0800020f   Thumb Code     0  rtexit2.o(.ARM.Collect$$rtexit$$00000004)
    Reset_Handler                            0x08000215   Thumb Code     8  startup_stm32f103xe.o(.text)
    ADC1_2_IRQHandler                        0x0800022f   Thumb Code     0  startup_stm32f103xe.o(.text)
    ADC3_IRQHandler                          0x0800022f   Thumb Code     0  startup_stm32f103xe.o(.text)
    CAN1_RX1_IRQHandler                      0x0800022f   Thumb Code     0  startup_stm32f103xe.o(.text)
    CAN1_SCE_IRQHandler                      0x0800022f   Thumb Code     0  startup_stm32f103xe.o(.text)
    DMA1_Channel1_IRQHandler                 0x0800022f   Thumb Code     0  startup_stm32f103xe.o(.text)
    DMA1_Channel2_IRQHandler                 0x0800022f   Thumb Code     0  startup_stm32f103xe.o(.text)
    DMA1_Channel3_IRQHandler                 0x0800022f   Thumb Code     0  startup_stm32f103xe.o(.text)
    DMA1_Channel4_IRQHandler                 0x0800022f   Thumb Code     0  startup_stm32f103xe.o(.text)
    DMA1_Channel5_IRQHandler                 0x0800022f   Thumb Code     0  startup_stm32f103xe.o(.text)
    DMA1_Channel6_IRQHandler                 0x0800022f   Thumb Code     0  startup_stm32f103xe.o(.text)
    DMA1_Channel7_IRQHandler                 0x0800022f   Thumb Code     0  startup_stm32f103xe.o(.text)
    DMA2_Channel1_IRQHandler                 0x0800022f   Thumb Code     0  startup_stm32f103xe.o(.text)
    DMA2_Channel2_IRQHandler                 0x0800022f   Thumb Code     0  startup_stm32f103xe.o(.text)
    DMA2_Channel3_IRQHandler                 0x0800022f   Thumb Code     0  startup_stm32f103xe.o(.text)
    DMA2_Channel4_5_IRQHandler               0x0800022f   Thumb Code     0  startup_stm32f103xe.o(.text)
    EXTI0_IRQHandler                         0x0800022f   Thumb Code     0  startup_stm32f103xe.o(.text)
    EXTI15_10_IRQHandler                     0x0800022f   Thumb Code     0  startup_stm32f103xe.o(.text)
    EXTI1_IRQHandler                         0x0800022f   Thumb Code     0  startup_stm32f103xe.o(.text)
    EXTI2_IRQHandler                         0x0800022f   Thumb Code     0  startup_stm32f103xe.o(.text)
    EXTI3_IRQHandler                         0x0800022f   Thumb Code     0  startup_stm32f103xe.o(.text)
    EXTI4_IRQHandler                         0x0800022f   Thumb Code     0  startup_stm32f103xe.o(.text)
    EXTI9_5_IRQHandler                       0x0800022f   Thumb Code     0  startup_stm32f103xe.o(.text)
    FLASH_IRQHandler                         0x0800022f   Thumb Code     0  startup_stm32f103xe.o(.text)
    FSMC_IRQHandler                          0x0800022f   Thumb Code     0  startup_stm32f103xe.o(.text)
    I2C1_ER_IRQHandler                       0x0800022f   Thumb Code     0  startup_stm32f103xe.o(.text)
    I2C1_EV_IRQHandler                       0x0800022f   Thumb Code     0  startup_stm32f103xe.o(.text)
    I2C2_ER_IRQHandler                       0x0800022f   Thumb Code     0  startup_stm32f103xe.o(.text)
    PVD_IRQHandler                           0x0800022f   Thumb Code     0  startup_stm32f103xe.o(.text)
    RCC_IRQHandler                           0x0800022f   Thumb Code     0  startup_stm32f103xe.o(.text)
    RTC_Alarm_IRQHandler                     0x0800022f   Thumb Code     0  startup_stm32f103xe.o(.text)
    RTC_IRQHandler                           0x0800022f   Thumb Code     0  startup_stm32f103xe.o(.text)
    SDIO_IRQHandler                          0x0800022f   Thumb Code     0  startup_stm32f103xe.o(.text)
    SPI1_IRQHandler                          0x0800022f   Thumb Code     0  startup_stm32f103xe.o(.text)
    SPI2_IRQHandler                          0x0800022f   Thumb Code     0  startup_stm32f103xe.o(.text)
    SPI3_IRQHandler                          0x0800022f   Thumb Code     0  startup_stm32f103xe.o(.text)
    TAMPER_IRQHandler                        0x0800022f   Thumb Code     0  startup_stm32f103xe.o(.text)
    TIM1_BRK_IRQHandler                      0x0800022f   Thumb Code     0  startup_stm32f103xe.o(.text)
    TIM1_CC_IRQHandler                       0x0800022f   Thumb Code     0  startup_stm32f103xe.o(.text)
    TIM1_TRG_COM_IRQHandler                  0x0800022f   Thumb Code     0  startup_stm32f103xe.o(.text)
    TIM1_UP_IRQHandler                       0x0800022f   Thumb Code     0  startup_stm32f103xe.o(.text)
    TIM2_IRQHandler                          0x0800022f   Thumb Code     0  startup_stm32f103xe.o(.text)
    TIM3_IRQHandler                          0x0800022f   Thumb Code     0  startup_stm32f103xe.o(.text)
    TIM4_IRQHandler                          0x0800022f   Thumb Code     0  startup_stm32f103xe.o(.text)
    TIM5_IRQHandler                          0x0800022f   Thumb Code     0  startup_stm32f103xe.o(.text)
    TIM8_BRK_IRQHandler                      0x0800022f   Thumb Code     0  startup_stm32f103xe.o(.text)
    TIM8_CC_IRQHandler                       0x0800022f   Thumb Code     0  startup_stm32f103xe.o(.text)
    TIM8_TRG_COM_IRQHandler                  0x0800022f   Thumb Code     0  startup_stm32f103xe.o(.text)
    TIM8_UP_IRQHandler                       0x0800022f   Thumb Code     0  startup_stm32f103xe.o(.text)
    UART5_IRQHandler                         0x0800022f   Thumb Code     0  startup_stm32f103xe.o(.text)
    USART1_IRQHandler                        0x0800022f   Thumb Code     0  startup_stm32f103xe.o(.text)
    USART3_IRQHandler                        0x0800022f   Thumb Code     0  startup_stm32f103xe.o(.text)
    USBWakeUp_IRQHandler                     0x0800022f   Thumb Code     0  startup_stm32f103xe.o(.text)
    USB_HP_CAN1_TX_IRQHandler                0x0800022f   Thumb Code     0  startup_stm32f103xe.o(.text)
    USB_LP_CAN1_RX0_IRQHandler               0x0800022f   Thumb Code     0  startup_stm32f103xe.o(.text)
    WWDG_IRQHandler                          0x0800022f   Thumb Code     0  startup_stm32f103xe.o(.text)
    __user_initial_stackheap                 0x08000231   Thumb Code     0  startup_stm32f103xe.o(.text)
    __use_no_semihosting                     0x08000255   Thumb Code     2  use_no_semi_2.o(.text)
    __2printf                                0x08000259   Thumb Code    20  noretval__2printf.o(.text)
    __printf                                 0x08000271   Thumb Code   104  __printf.o(.text)
    _printf_int_dec                          0x080002d9   Thumb Code   104  _printf_dec.o(.text)
    __aeabi_memcpy4                          0x08000351   Thumb Code     0  rt_memcpy_w.o(.text)
    __aeabi_memcpy8                          0x08000351   Thumb Code     0  rt_memcpy_w.o(.text)
    __rt_memcpy_w                            0x08000351   Thumb Code   100  rt_memcpy_w.o(.text)
    _memcpy_lastbytes_aligned                0x08000399   Thumb Code     0  rt_memcpy_w.o(.text)
    __aeabi_memclr                           0x080003b5   Thumb Code     0  rt_memclr.o(.text)
    __rt_memclr                              0x080003b5   Thumb Code    68  rt_memclr.o(.text)
    _memset                                  0x080003b9   Thumb Code     0  rt_memclr.o(.text)
    __aeabi_memclr4                          0x080003f9   Thumb Code     0  rt_memclr_w.o(.text)
    __aeabi_memclr8                          0x080003f9   Thumb Code     0  rt_memclr_w.o(.text)
    __rt_memclr_w                            0x080003f9   Thumb Code    78  rt_memclr_w.o(.text)
    _memset_w                                0x080003fd   Thumb Code     0  rt_memclr_w.o(.text)
    __use_two_region_memory                  0x08000447   Thumb Code     2  heapauxi.o(.text)
    __rt_heap_escrow$2region                 0x08000449   Thumb Code     2  heapauxi.o(.text)
    __rt_heap_expand$2region                 0x0800044b   Thumb Code     2  heapauxi.o(.text)
    __I$use$semihosting                      0x0800044d   Thumb Code     0  use_no_semi.o(.text)
    __use_no_semihosting_swi                 0x0800044d   Thumb Code     2  use_no_semi.o(.text)
    _printf_int_common                       0x0800044f   Thumb Code   178  _printf_intcommon.o(.text)
    _printf_char_file                        0x08000501   Thumb Code    32  _printf_char_file.o(.text)
    _printf_char_common                      0x0800052f   Thumb Code    32  _printf_char_common.o(.text)
    ferror                                   0x08000555   Thumb Code     8  ferror.o(.text)
    __user_setup_stackheap                   0x0800055d   Thumb Code    74  sys_stackheap_outer.o(.text)
    exit                                     0x080005a7   Thumb Code    18  exit.o(.text)
    __user_libspace                          0x080005b9   Thumb Code     8  libspace.o(.text)
    __user_perproc_libspace                  0x080005b9   Thumb Code     0  libspace.o(.text)
    __user_perthread_libspace                0x080005b9   Thumb Code     0  libspace.o(.text)
    BusFault_Handler                         0x080005c1   Thumb Code     4  stm32f1xx_it.o(i.BusFault_Handler)
    DebugMon_Handler                         0x080005c5   Thumb Code     2  stm32f1xx_it.o(i.DebugMon_Handler)
    Error_Handler                            0x080005c7   Thumb Code     6  main.o(i.Error_Handler)
    HAL_DMA_Abort                            0x080005cd   Thumb Code    86  stm32f1xx_hal_dma.o(i.HAL_DMA_Abort)
    HAL_DMA_Abort_IT                         0x08000625   Thumb Code   414  stm32f1xx_hal_dma.o(i.HAL_DMA_Abort_IT)
    HAL_DMA_GetState                         0x080007cd   Thumb Code     8  stm32f1xx_hal_dma.o(i.HAL_DMA_GetState)
    HAL_Delay                                0x080007d5   Thumb Code    36  stm32f1xx_hal.o(i.HAL_Delay)
    HAL_GPIO_Init                            0x080007fd   Thumb Code   792  stm32f1xx_hal_gpio.o(i.HAL_GPIO_Init)
    HAL_GPIO_ReadPin                         0x08000b3d   Thumb Code    16  stm32f1xx_hal_gpio.o(i.HAL_GPIO_ReadPin)
    HAL_GPIO_TogglePin                       0x08000b4d   Thumb Code    20  stm32f1xx_hal_gpio.o(i.HAL_GPIO_TogglePin)
    HAL_GPIO_WritePin                        0x08000b61   Thumb Code    12  stm32f1xx_hal_gpio.o(i.HAL_GPIO_WritePin)
    HAL_GetTick                              0x08000b6d   Thumb Code     6  stm32f1xx_hal.o(i.HAL_GetTick)
    HAL_I2C_AbortCpltCallback                0x08000b79   Thumb Code     2  stm32f1xx_hal_i2c.o(i.HAL_I2C_AbortCpltCallback)
    HAL_I2C_AddrCallback                     0x08000b7b   Thumb Code     2  stm32f1xx_hal_i2c.o(i.HAL_I2C_AddrCallback)
    HAL_I2C_EV_IRQHandler                    0x08000b7d   Thumb Code   474  stm32f1xx_hal_i2c.o(i.HAL_I2C_EV_IRQHandler)
    HAL_I2C_ErrorCallback                    0x08000d57   Thumb Code     2  stm32f1xx_hal_i2c.o(i.HAL_I2C_ErrorCallback)
    HAL_I2C_Init                             0x08000d59   Thumb Code   446  stm32f1xx_hal_i2c.o(i.HAL_I2C_Init)
    HAL_I2C_ListenCpltCallback               0x08000f29   Thumb Code     2  stm32f1xx_hal_i2c.o(i.HAL_I2C_ListenCpltCallback)
    HAL_I2C_MasterRxCpltCallback             0x08000f2b   Thumb Code     2  stm32f1xx_hal_i2c.o(i.HAL_I2C_MasterRxCpltCallback)
    HAL_I2C_MasterTxCpltCallback             0x08000f2d   Thumb Code     2  stm32f1xx_hal_i2c.o(i.HAL_I2C_MasterTxCpltCallback)
    HAL_I2C_MemRxCpltCallback                0x08000f2f   Thumb Code     2  stm32f1xx_hal_i2c.o(i.HAL_I2C_MemRxCpltCallback)
    HAL_I2C_MemTxCpltCallback                0x08000f31   Thumb Code   226  oled.o(i.HAL_I2C_MemTxCpltCallback)
    HAL_I2C_Mem_Read                         0x08001029   Thumb Code   850  stm32f1xx_hal_i2c.o(i.HAL_I2C_Mem_Read)
    HAL_I2C_Mem_Write                        0x0800138d   Thumb Code   348  stm32f1xx_hal_i2c.o(i.HAL_I2C_Mem_Write)
    HAL_I2C_Mem_Write_IT                     0x080014f1   Thumb Code   248  stm32f1xx_hal_i2c.o(i.HAL_I2C_Mem_Write_IT)
    HAL_I2C_MspInit                          0x080015f1   Thumb Code   206  i2c.o(i.HAL_I2C_MspInit)
    HAL_I2C_SlaveRxCpltCallback              0x080016d1   Thumb Code     2  stm32f1xx_hal_i2c.o(i.HAL_I2C_SlaveRxCpltCallback)
    HAL_I2C_SlaveTxCpltCallback              0x080016d3   Thumb Code     2  stm32f1xx_hal_i2c.o(i.HAL_I2C_SlaveTxCpltCallback)
    HAL_IncTick                              0x080016d5   Thumb Code    16  stm32f1xx_hal.o(i.HAL_IncTick)
    HAL_Init                                 0x080016ed   Thumb Code    34  stm32f1xx_hal.o(i.HAL_Init)
    HAL_InitTick                             0x08001715   Thumb Code    64  stm32f1xx_hal.o(i.HAL_InitTick)
    HAL_MspInit                              0x08001761   Thumb Code    76  stm32f1xx_hal_msp.o(i.HAL_MspInit)
    HAL_NVIC_EnableIRQ                       0x080017b5   Thumb Code    32  stm32f1xx_hal_cortex.o(i.HAL_NVIC_EnableIRQ)
    HAL_NVIC_SetPriority                     0x080017d5   Thumb Code   124  stm32f1xx_hal_cortex.o(i.HAL_NVIC_SetPriority)
    HAL_NVIC_SetPriorityGrouping             0x08001851   Thumb Code    32  stm32f1xx_hal_cortex.o(i.HAL_NVIC_SetPriorityGrouping)
    HAL_RCC_ClockConfig                      0x08001879   Thumb Code   376  stm32f1xx_hal_rcc.o(i.HAL_RCC_ClockConfig)
    HAL_RCC_GetHCLKFreq                      0x08001a05   Thumb Code     6  stm32f1xx_hal_rcc.o(i.HAL_RCC_GetHCLKFreq)
    HAL_RCC_GetPCLK1Freq                     0x08001a11   Thumb Code    22  stm32f1xx_hal_rcc.o(i.HAL_RCC_GetPCLK1Freq)
    HAL_RCC_GetPCLK2Freq                     0x08001a31   Thumb Code    22  stm32f1xx_hal_rcc.o(i.HAL_RCC_GetPCLK2Freq)
    HAL_RCC_GetSysClockFreq                  0x08001a51   Thumb Code   116  stm32f1xx_hal_rcc.o(i.HAL_RCC_GetSysClockFreq)
    HAL_RCC_OscConfig                        0x08001ae5   Thumb Code  1114  stm32f1xx_hal_rcc.o(i.HAL_RCC_OscConfig)
    HAL_SYSTICK_Config                       0x08001f49   Thumb Code    52  stm32f1xx_hal_cortex.o(i.HAL_SYSTICK_Config)
    HAL_TIMEx_BreakCallback                  0x08001f7d   Thumb Code     2  stm32f1xx_hal_tim_ex.o(i.HAL_TIMEx_BreakCallback)
    HAL_TIMEx_CommutCallback                 0x08001f7f   Thumb Code     2  stm32f1xx_hal_tim_ex.o(i.HAL_TIMEx_CommutCallback)
    HAL_TIMEx_MasterConfigSynchronization    0x08001f81   Thumb Code   134  stm32f1xx_hal_tim_ex.o(i.HAL_TIMEx_MasterConfigSynchronization)
    HAL_TIM_Base_Init                        0x0800201d   Thumb Code   102  stm32f1xx_hal_tim.o(i.HAL_TIM_Base_Init)
    HAL_TIM_Base_MspInit                     0x08002085   Thumb Code   112  tim.o(i.HAL_TIM_Base_MspInit)
    HAL_TIM_Base_Start_IT                    0x08002101   Thumb Code   122  stm32f1xx_hal_tim.o(i.HAL_TIM_Base_Start_IT)
    HAL_TIM_IC_CaptureCallback               0x08002191   Thumb Code     2  stm32f1xx_hal_tim.o(i.HAL_TIM_IC_CaptureCallback)
    HAL_TIM_IRQHandler                       0x08002193   Thumb Code   406  stm32f1xx_hal_tim.o(i.HAL_TIM_IRQHandler)
    HAL_TIM_OC_DelayElapsedCallback          0x08002329   Thumb Code     2  stm32f1xx_hal_tim.o(i.HAL_TIM_OC_DelayElapsedCallback)
    HAL_TIM_PWM_PulseFinishedCallback        0x0800232b   Thumb Code     2  stm32f1xx_hal_tim.o(i.HAL_TIM_PWM_PulseFinishedCallback)
    HAL_TIM_PeriodElapsedCallback            0x0800232d   Thumb Code   124  main.o(i.HAL_TIM_PeriodElapsedCallback)
    HAL_TIM_TriggerCallback                  0x080023dd   Thumb Code     2  stm32f1xx_hal_tim.o(i.HAL_TIM_TriggerCallback)
    HAL_UARTEx_RxEventCallback               0x080023df   Thumb Code     2  stm32f1xx_hal_uart.o(i.HAL_UARTEx_RxEventCallback)
    HAL_UART_ErrorCallback                   0x080023e1   Thumb Code     2  stm32f1xx_hal_uart.o(i.HAL_UART_ErrorCallback)
    HAL_UART_IRQHandler                      0x080023e5   Thumb Code   582  stm32f1xx_hal_uart.o(i.HAL_UART_IRQHandler)
    HAL_UART_Init                            0x08002631   Thumb Code   114  stm32f1xx_hal_uart.o(i.HAL_UART_Init)
    HAL_UART_MspInit                         0x080026a5   Thumb Code   360  usart.o(i.HAL_UART_MspInit)
    HAL_UART_Receive_IT                      0x08002825   Thumb Code    66  stm32f1xx_hal_uart.o(i.HAL_UART_Receive_IT)
    HAL_UART_RxCpltCallback                  0x08002869   Thumb Code    84  main.o(i.HAL_UART_RxCpltCallback)
    HAL_UART_Transmit                        0x080028dd   Thumb Code   210  stm32f1xx_hal_uart.o(i.HAL_UART_Transmit)
    HAL_UART_TxCpltCallback                  0x080029af   Thumb Code     2  stm32f1xx_hal_uart.o(i.HAL_UART_TxCpltCallback)
    HardFault_Handler                        0x080029b1   Thumb Code     4  stm32f1xx_it.o(i.HardFault_Handler)
    I2C2_EV_IRQHandler                       0x080029b5   Thumb Code    10  stm32f1xx_it.o(i.I2C2_EV_IRQHandler)
    MX_GPIO_Init                             0x08003c19   Thumb Code   226  gpio.o(i.MX_GPIO_Init)
    MX_I2C1_Init                             0x08003d0d   Thumb Code    48  i2c.o(i.MX_I2C1_Init)
    MX_I2C2_Init                             0x08003d49   Thumb Code    48  i2c.o(i.MX_I2C2_Init)
    MX_TIM6_Init                             0x08003d85   Thumb Code    66  tim.o(i.MX_TIM6_Init)
    MX_TIM7_Init                             0x08003dd1   Thumb Code    68  tim.o(i.MX_TIM7_Init)
    MX_UART4_Init                            0x08003e1d   Thumb Code    46  usart.o(i.MX_UART4_Init)
    MX_USART1_UART_Init                      0x08003e55   Thumb Code    46  usart.o(i.MX_USART1_UART_Init)
    MX_USART2_UART_Init                      0x08003e8d   Thumb Code    46  usart.o(i.MX_USART2_UART_Init)
    MemManage_Handler                        0x08003ec5   Thumb Code     4  stm32f1xx_it.o(i.MemManage_Handler)
    NMI_Handler                              0x08003ec9   Thumb Code     4  stm32f1xx_it.o(i.NMI_Handler)
    Net_Things_Init                          0x08003ecd   Thumb Code   128  esp8266.o(i.Net_Things_Init)
    OLED_Clear                               0x08003f5d   Thumb Code    44  oled.o(i.OLED_Clear)
    OLED_Init                                0x08003f89   Thumb Code   458  oled.o(i.OLED_Init)
    OLED_Set_Pos                             0x080041cd   Thumb Code    10  oled.o(i.OLED_Set_Pos)
    OLED_ShowString                          0x080041e1   Thumb Code    90  oled.o(i.OLED_ShowString)
    OLED_WR_Byte                             0x08004241   Thumb Code    68  oled.o(i.OLED_WR_Byte)
    OLED_drawChart                           0x08004295   Thumb Code   276  oled.o(i.OLED_drawChart)
    OLED_showHeart                           0x080043bd   Thumb Code   186  oled.o(i.OLED_showHeart)
    OLED_showNum                             0x0800447d   Thumb Code   272  oled.o(i.OLED_showNum)
    PendSV_Handler                           0x08004595   Thumb Code     2  stm32f1xx_it.o(i.PendSV_Handler)
    Property_Post                            0x08004599   Thumb Code   182  esp8266.o(i.Property_Post)
    SVC_Handler                              0x0800469d   Thumb Code     2  stm32f1xx_it.o(i.SVC_Handler)
    SysTick_Handler                          0x0800469f   Thumb Code     8  stm32f1xx_it.o(i.SysTick_Handler)
    SystemClock_Config                       0x080046a7   Thumb Code   102  main.o(i.SystemClock_Config)
    SystemInit                               0x0800470d   Thumb Code     2  system_stm32f1xx.o(i.SystemInit)
    TIM6_IRQHandler                          0x08004711   Thumb Code    10  stm32f1xx_it.o(i.TIM6_IRQHandler)
    TIM7_IRQHandler                          0x08004721   Thumb Code    10  stm32f1xx_it.o(i.TIM7_IRQHandler)
    TIM_Base_SetConfig                       0x08004731   Thumb Code   134  stm32f1xx_hal_tim.o(i.TIM_Base_SetConfig)
    UART4_IRQHandler                         0x080047cd   Thumb Code    10  stm32f1xx_it.o(i.UART4_IRQHandler)
    UART_Start_Receive_IT                    0x08004a29   Thumb Code    70  stm32f1xx_hal_uart.o(i.UART_Start_Receive_IT)
    USART2_IRQHandler                        0x08004b3d   Thumb Code    60  stm32f1xx_it.o(i.USART2_IRQHandler)
    UsageFault_Handler                       0x08004b8d   Thumb Code     4  stm32f1xx_it.o(i.UsageFault_Handler)
    _sys_exit                                0x08004bc9   Thumb Code     4  usart.o(i._sys_exit)
    buffInsert                               0x08004bcd   Thumb Code    52  max30102.o(i.buffInsert)
    calAcDc                                  0x08004c05   Thumb Code   188  max30102.o(i.calAcDc)
    filter                                   0x08004cc5   Thumb Code    54  max30102.o(i.filter)
    fputc                                    0x08004d01   Thumb Code    22  usart.o(i.fputc)
    main                                     0x08004d1d   Thumb Code   406  main.o(i.main)
    max                                      0x08004ed9   Thumb Code    14  oled.o(i.max)
    max30102_cal                             0x08004ee9   Thumb Code   458  max30102.o(i.max30102_cal)
    max30102_getDiff                         0x08005105   Thumb Code     8  max30102.o(i.max30102_getDiff)
    max30102_getFIFO                         0x08005111   Thumb Code   172  max30102.o(i.max30102_getFIFO)
    max30102_getHeartRate                    0x080051c1   Thumb Code     6  max30102.o(i.max30102_getHeartRate)
    max30102_getSpO2                         0x080051cd   Thumb Code     6  max30102.o(i.max30102_getSpO2)
    max30102_getStatus                       0x080051d9   Thumb Code    72  max30102.o(i.max30102_getStatus)
    max30102_getUnreadSampleCount            0x08005225   Thumb Code   102  max30102.o(i.max30102_getUnreadSampleCount)
    max30102_init                            0x08005291   Thumb Code   314  max30102.o(i.max30102_init)
    min                                      0x080053d1   Thumb Code    14  oled.o(i.min)
    __aeabi_dadd                             0x080053e1   Thumb Code     0  daddsub_clz.o(x$fpl$dadd)
    _dadd                                    0x080053e1   Thumb Code   332  daddsub_clz.o(x$fpl$dadd)
    __fpl_dcmp_Inf                           0x08005531   Thumb Code    24  dcmpi.o(x$fpl$dcmpinf)
    __aeabi_ddiv                             0x08005549   Thumb Code     0  ddiv.o(x$fpl$ddiv)
    _ddiv                                    0x08005549   Thumb Code   552  ddiv.o(x$fpl$ddiv)
    __aeabi_d2uiz                            0x080057f9   Thumb Code     0  dfixu.o(x$fpl$dfixu)
    _dfixu                                   0x080057f9   Thumb Code    90  dfixu.o(x$fpl$dfixu)
    __aeabi_cdcmple                          0x08005855   Thumb Code     0  dleqf.o(x$fpl$dleqf)
    _dcmple                                  0x08005855   Thumb Code   120  dleqf.o(x$fpl$dleqf)
    __fpl_dcmple_InfNaN                      0x080058b7   Thumb Code     0  dleqf.o(x$fpl$dleqf)
    __aeabi_dmul                             0x080058cd   Thumb Code     0  dmul.o(x$fpl$dmul)
    _dmul                                    0x080058cd   Thumb Code   332  dmul.o(x$fpl$dmul)
    __fpl_dnaninf                            0x08005a21   Thumb Code   156  dnaninf.o(x$fpl$dnaninf)
    __fpl_dretinf                            0x08005abd   Thumb Code    12  dretinf.o(x$fpl$dretinf)
    __aeabi_cdrcmple                         0x08005ac9   Thumb Code     0  drleqf.o(x$fpl$drleqf)
    _drcmple                                 0x08005ac9   Thumb Code   108  drleqf.o(x$fpl$drleqf)
    __aeabi_drsub                            0x08005b35   Thumb Code     0  daddsub_clz.o(x$fpl$drsb)
    _drsb                                    0x08005b35   Thumb Code    22  daddsub_clz.o(x$fpl$drsb)
    __aeabi_dsub                             0x08005b4d   Thumb Code     0  daddsub_clz.o(x$fpl$dsub)
    _dsub                                    0x08005b4d   Thumb Code   464  daddsub_clz.o(x$fpl$dsub)
    __aeabi_f2d                              0x08005d21   Thumb Code     0  f2d.o(x$fpl$f2d)
    _f2d                                     0x08005d21   Thumb Code    86  f2d.o(x$fpl$f2d)
    __aeabi_fadd                             0x08005d79   Thumb Code     0  faddsub_clz.o(x$fpl$fadd)
    _fadd                                    0x08005d79   Thumb Code   196  faddsub_clz.o(x$fpl$fadd)
    __fpl_fcmp_Inf                           0x08005e3d   Thumb Code    24  fcmpi.o(x$fpl$fcmpinf)
    __aeabi_fdiv                             0x08005e55   Thumb Code     0  fdiv.o(x$fpl$fdiv)
    _fdiv                                    0x08005e55   Thumb Code   384  fdiv.o(x$fpl$fdiv)
    __aeabi_f2uiz                            0x08005fd9   Thumb Code     0  ffixu.o(x$fpl$ffixu)
    _ffixu                                   0x08005fd9   Thumb Code    62  ffixu.o(x$fpl$ffixu)
    __aeabi_i2f                              0x08006019   Thumb Code     0  fflt_clz.o(x$fpl$fflt)
    _fflt                                    0x08006019   Thumb Code    48  fflt_clz.o(x$fpl$fflt)
    __aeabi_ui2f                             0x08006049   Thumb Code     0  fflt_clz.o(x$fpl$ffltu)
    _ffltu                                   0x08006049   Thumb Code    38  fflt_clz.o(x$fpl$ffltu)
    __aeabi_cfcmple                          0x08006071   Thumb Code     0  fleqf.o(x$fpl$fleqf)
    _fcmple                                  0x08006071   Thumb Code   104  fleqf.o(x$fpl$fleqf)
    __fpl_fcmple_InfNaN                      0x080060c3   Thumb Code     0  fleqf.o(x$fpl$fleqf)
    __aeabi_fmul                             0x080060d9   Thumb Code     0  fmul.o(x$fpl$fmul)
    _fmul                                    0x080060d9   Thumb Code   258  fmul.o(x$fpl$fmul)
    __fpl_fnaninf                            0x080061db   Thumb Code   140  fnaninf.o(x$fpl$fnaninf)
    __fpl_fretinf                            0x08006267   Thumb Code    10  fretinf.o(x$fpl$fretinf)
    __aeabi_frsub                            0x08006271   Thumb Code     0  faddsub_clz.o(x$fpl$frsb)
    _frsb                                    0x08006271   Thumb Code    20  faddsub_clz.o(x$fpl$frsb)
    __aeabi_fsub                             0x08006285   Thumb Code     0  faddsub_clz.o(x$fpl$fsub)
    _fsub                                    0x08006285   Thumb Code   234  faddsub_clz.o(x$fpl$fsub)
    F6x8                                     0x0800636e   Data         552  oled.o(.constdata)
    __I$use$fp                               0x0800636e   Number         0  usenofp.o(x$fpl$usenofp)
    heart                                    0x08006596   Data          63  oled.o(.constdata)
    oled_nums                                0x080065d5   Data          11  oled.o(.constdata)
    oled_nums_pos                            0x080065e0   Data           6  oled.o(.constdata)
    AHBPrescTable                            0x080065e6   Data          16  system_stm32f1xx.o(.constdata)
    APBPrescTable                            0x080065f6   Data           8  system_stm32f1xx.o(.constdata)
    Region$$Table$$Base                      0x08006600   Number         0  anon$$obj.o(Region$$Table)
    Region$$Table$$Limit                     0x08006620   Number         0  anon$$obj.o(Region$$Table)
    heartRate                                0x20000000   Data           1  max30102.o(.data)
    spo2                                     0x20000001   Data           1  max30102.o(.data)
    redAC                                    0x20000002   Data           2  max30102.o(.data)
    redDC                                    0x20000004   Data           4  max30102.o(.data)
    iRedAC                                   0x20000008   Data           2  max30102.o(.data)
    iRedDC                                   0x2000000c   Data           4  max30102.o(.data)
    eachSampleDiff                           0x20000010   Data           2  max30102.o(.data)
    point_x                                  0x20000018   Data           1  oled.o(.data)
    point_y                                  0x20000019   Data           1  oled.o(.data)
    whatToDo                                 0x2000001a   Data           1  oled.o(.data)
    pos_x_this                               0x2000001b   Data           1  oled.o(.data)
    pos_y_old                                0x2000001c   Data           1  oled.o(.data)
    RST                                      0x2000001f   Data           7  esp8266.o(.data)
    HotSpot_Connect                          0x20000026   Data          35  esp8266.o(.data)
    MQTTUSERCFG                              0x20000049   Data         127  esp8266.o(.data)
    MQTTCLIENTID                             0x200000c8   Data         107  esp8266.o(.data)
    MQTTCONN                                 0x20000133   Data          74  esp8266.o(.data)
    DeviceProPost                            0x2000017d   Data         102  esp8266.o(.data)
    DeviceProPost2                           0x200001e3   Data          16  esp8266.o(.data)
    DeviceProPost3                           0x200001f3   Data          12  esp8266.o(.data)
    DeviceProPost4                           0x200001ff   Data          16  esp8266.o(.data)
    DeviceProPost5                           0x2000020f   Data          73  esp8266.o(.data)
    PubMsgTopic1                             0x20000258   Data          50  esp8266.o(.data)
    PubMsgTopic2                             0x2000028a   Data           8  esp8266.o(.data)
    spo                                      0x20000294   Data           1  main.o(.data)
    heartReat                                0x20000295   Data           1  main.o(.data)
    heartnum                                 0x20000298   Data           4  main.o(.data)
    u4_data                                  0x2000029c   Data           1  main.o(.data)
    offset                                   0x200002a0   Data           1  usart.o(.data)
    mesg                                     0x200002a1   Data           1  usart.o(.data)
    RX_Flag                                  0x200002a2   Data           1  usart.o(.data)
    __stdout                                 0x200002a4   Data           4  usart.o(.data)
    uwTick                                   0x200002a8   Data           4  stm32f1xx_hal.o(.data)
    uwTickPrio                               0x200002ac   Data           4  stm32f1xx_hal.o(.data)
    uwTickFreq                               0x200002b0   Data           1  stm32f1xx_hal.o(.data)
    SystemCoreClock                          0x200002b4   Data           4  system_stm32f1xx.o(.data)
    sampleBuff                               0x200002b8   Data         400  max30102.o(.bss)
    oled_cache                               0x20000452   Data        1024  oled.o(.bss)
    hi2c1                                    0x20000854   Data          84  i2c.o(.bss)
    hi2c2                                    0x200008a8   Data          84  i2c.o(.bss)
    htim6                                    0x200008fc   Data          72  tim.o(.bss)
    htim7                                    0x20000944   Data          72  tim.o(.bss)
    message                                  0x2000098c   Data         200  usart.o(.bss)
    huart4                                   0x20000a54   Data          68  usart.o(.bss)
    huart1                                   0x20000a98   Data          68  usart.o(.bss)
    huart2                                   0x20000adc   Data          68  usart.o(.bss)
    __libspace_start                         0x20000b20   Data          96  libspace.o(.bss)
    __temporary_stack_top$libspace           0x20000b80   Data           0  libspace.o(.bss)



==============================================================================

Memory Map of the image

  Image Entry point : 0x08000131

  Load Region LR_IROM1 (Base: 0x08000000, Size: 0x000068d8, Max: 0x00080000, ABSOLUTE, COMPRESSED[0x00006804])

    Execution Region ER_IROM1 (Exec base: 0x08000000, Load base: 0x08000000, Size: 0x00006620, Max: 0x00080000, ABSOLUTE)

    Exec Addr    Load Addr    Size         Type   Attr      Idx    E Section Name        Object

    0x08000000   0x08000000   0x00000130   Data   RO            3    RESET               startup_stm32f103xe.o
    0x08000130   0x08000130   0x00000008   Code   RO         3696  * !!!main             c_w.l(__main.o)
    0x08000138   0x08000138   0x00000034   Code   RO         3927    !!!scatter          c_w.l(__scatter.o)
    0x0800016c   0x0800016c   0x0000005a   Code   RO         3925    !!dczerorl2         c_w.l(__dczerorl2.o)
    0x080001c6   0x080001c6   0x00000002   PAD
    0x080001c8   0x080001c8   0x0000001c   Code   RO         3929    !!handler_zi        c_w.l(__scatter_zi.o)
    0x080001e4   0x080001e4   0x00000000   Code   RO         3687    .ARM.Collect$$_printf_percent$$00000000  c_w.l(_printf_percent.o)
    0x080001e4   0x080001e4   0x00000006   Code   RO         3686    .ARM.Collect$$_printf_percent$$00000009  c_w.l(_printf_d.o)
    0x080001ea   0x080001ea   0x00000004   Code   RO         3751    .ARM.Collect$$_printf_percent$$00000017  c_w.l(_printf_percent_end.o)
    0x080001ee   0x080001ee   0x00000002   Code   RO         3797    .ARM.Collect$$libinit$$00000000  c_w.l(libinit.o)
    0x080001f0   0x080001f0   0x00000000   Code   RO         3804    .ARM.Collect$$libinit$$00000002  c_w.l(libinit2.o)
    0x080001f0   0x080001f0   0x00000000   Code   RO         3806    .ARM.Collect$$libinit$$00000004  c_w.l(libinit2.o)
    0x080001f0   0x080001f0   0x00000000   Code   RO         3809    .ARM.Collect$$libinit$$0000000A  c_w.l(libinit2.o)
    0x080001f0   0x080001f0   0x00000000   Code   RO         3811    .ARM.Collect$$libinit$$0000000C  c_w.l(libinit2.o)
    0x080001f0   0x080001f0   0x00000000   Code   RO         3813    .ARM.Collect$$libinit$$0000000E  c_w.l(libinit2.o)
    0x080001f0   0x080001f0   0x00000000   Code   RO         3816    .ARM.Collect$$libinit$$00000011  c_w.l(libinit2.o)
    0x080001f0   0x080001f0   0x00000000   Code   RO         3818    .ARM.Collect$$libinit$$00000013  c_w.l(libinit2.o)
    0x080001f0   0x080001f0   0x00000000   Code   RO         3820    .ARM.Collect$$libinit$$00000015  c_w.l(libinit2.o)
    0x080001f0   0x080001f0   0x00000000   Code   RO         3822    .ARM.Collect$$libinit$$00000017  c_w.l(libinit2.o)
    0x080001f0   0x080001f0   0x00000000   Code   RO         3824    .ARM.Collect$$libinit$$00000019  c_w.l(libinit2.o)
    0x080001f0   0x080001f0   0x00000000   Code   RO         3826    .ARM.Collect$$libinit$$0000001B  c_w.l(libinit2.o)
    0x080001f0   0x080001f0   0x00000000   Code   RO         3828    .ARM.Collect$$libinit$$0000001D  c_w.l(libinit2.o)
    0x080001f0   0x080001f0   0x00000000   Code   RO         3830    .ARM.Collect$$libinit$$0000001F  c_w.l(libinit2.o)
    0x080001f0   0x080001f0   0x00000000   Code   RO         3832    .ARM.Collect$$libinit$$00000021  c_w.l(libinit2.o)
    0x080001f0   0x080001f0   0x00000000   Code   RO         3834    .ARM.Collect$$libinit$$00000023  c_w.l(libinit2.o)
    0x080001f0   0x080001f0   0x00000000   Code   RO         3836    .ARM.Collect$$libinit$$00000025  c_w.l(libinit2.o)
    0x080001f0   0x080001f0   0x00000000   Code   RO         3840    .ARM.Collect$$libinit$$0000002C  c_w.l(libinit2.o)
    0x080001f0   0x080001f0   0x00000000   Code   RO         3842    .ARM.Collect$$libinit$$0000002E  c_w.l(libinit2.o)
    0x080001f0   0x080001f0   0x00000000   Code   RO         3844    .ARM.Collect$$libinit$$00000030  c_w.l(libinit2.o)
    0x080001f0   0x080001f0   0x00000000   Code   RO         3846    .ARM.Collect$$libinit$$00000032  c_w.l(libinit2.o)
    0x080001f0   0x080001f0   0x00000002   Code   RO         3847    .ARM.Collect$$libinit$$00000033  c_w.l(libinit2.o)
    0x080001f2   0x080001f2   0x00000002   Code   RO         3865    .ARM.Collect$$libshutdown$$00000000  c_w.l(libshutdown.o)
    0x080001f4   0x080001f4   0x00000000   Code   RO         3875    .ARM.Collect$$libshutdown$$00000002  c_w.l(libshutdown2.o)
    0x080001f4   0x080001f4   0x00000000   Code   RO         3877    .ARM.Collect$$libshutdown$$00000004  c_w.l(libshutdown2.o)
    0x080001f4   0x080001f4   0x00000000   Code   RO         3879    .ARM.Collect$$libshutdown$$00000006  c_w.l(libshutdown2.o)
    0x080001f4   0x080001f4   0x00000000   Code   RO         3882    .ARM.Collect$$libshutdown$$00000009  c_w.l(libshutdown2.o)
    0x080001f4   0x080001f4   0x00000000   Code   RO         3885    .ARM.Collect$$libshutdown$$0000000C  c_w.l(libshutdown2.o)
    0x080001f4   0x080001f4   0x00000000   Code   RO         3887    .ARM.Collect$$libshutdown$$0000000E  c_w.l(libshutdown2.o)
    0x080001f4   0x080001f4   0x00000000   Code   RO         3890    .ARM.Collect$$libshutdown$$00000011  c_w.l(libshutdown2.o)
    0x080001f4   0x080001f4   0x00000002   Code   RO         3891    .ARM.Collect$$libshutdown$$00000012  c_w.l(libshutdown2.o)
    0x080001f6   0x080001f6   0x00000000   Code   RO         3746    .ARM.Collect$$rtentry$$00000000  c_w.l(__rtentry.o)
    0x080001f6   0x080001f6   0x00000000   Code   RO         3766    .ARM.Collect$$rtentry$$00000002  c_w.l(__rtentry2.o)
    0x080001f6   0x080001f6   0x00000006   Code   RO         3778    .ARM.Collect$$rtentry$$00000004  c_w.l(__rtentry4.o)
    0x080001fc   0x080001fc   0x00000000   Code   RO         3768    .ARM.Collect$$rtentry$$00000009  c_w.l(__rtentry2.o)
    0x080001fc   0x080001fc   0x00000004   Code   RO         3769    .ARM.Collect$$rtentry$$0000000A  c_w.l(__rtentry2.o)
    0x08000200   0x08000200   0x00000000   Code   RO         3771    .ARM.Collect$$rtentry$$0000000C  c_w.l(__rtentry2.o)
    0x08000200   0x08000200   0x00000008   Code   RO         3772    .ARM.Collect$$rtentry$$0000000D  c_w.l(__rtentry2.o)
    0x08000208   0x08000208   0x00000002   Code   RO         3801    .ARM.Collect$$rtexit$$00000000  c_w.l(rtexit.o)
    0x0800020a   0x0800020a   0x00000000   Code   RO         3849    .ARM.Collect$$rtexit$$00000002  c_w.l(rtexit2.o)
    0x0800020a   0x0800020a   0x00000004   Code   RO         3850    .ARM.Collect$$rtexit$$00000003  c_w.l(rtexit2.o)
    0x0800020e   0x0800020e   0x00000006   Code   RO         3851    .ARM.Collect$$rtexit$$00000004  c_w.l(rtexit2.o)
    0x08000214   0x08000214   0x00000040   Code   RO            4    .text               startup_stm32f103xe.o
    0x08000254   0x08000254   0x00000002   Code   RO         3654    .text               c_w.l(use_no_semi_2.o)
    0x08000256   0x08000256   0x00000002   PAD
    0x08000258   0x08000258   0x00000018   Code   RO         3660    .text               c_w.l(noretval__2printf.o)
    0x08000270   0x08000270   0x00000068   Code   RO         3662    .text               c_w.l(__printf.o)
    0x080002d8   0x080002d8   0x00000078   Code   RO         3664    .text               c_w.l(_printf_dec.o)
    0x08000350   0x08000350   0x00000064   Code   RO         3688    .text               c_w.l(rt_memcpy_w.o)
    0x080003b4   0x080003b4   0x00000044   Code   RO         3690    .text               c_w.l(rt_memclr.o)
    0x080003f8   0x080003f8   0x0000004e   Code   RO         3692    .text               c_w.l(rt_memclr_w.o)
    0x08000446   0x08000446   0x00000006   Code   RO         3694    .text               c_w.l(heapauxi.o)
    0x0800044c   0x0800044c   0x00000002   Code   RO         3744    .text               c_w.l(use_no_semi.o)
    0x0800044e   0x0800044e   0x000000b2   Code   RO         3747    .text               c_w.l(_printf_intcommon.o)
    0x08000500   0x08000500   0x00000024   Code   RO         3749    .text               c_w.l(_printf_char_file.o)
    0x08000524   0x08000524   0x00000030   Code   RO         3780    .text               c_w.l(_printf_char_common.o)
    0x08000554   0x08000554   0x00000008   Code   RO         3782    .text               c_w.l(ferror.o)
    0x0800055c   0x0800055c   0x0000004a   Code   RO         3786    .text               c_w.l(sys_stackheap_outer.o)
    0x080005a6   0x080005a6   0x00000012   Code   RO         3790    .text               c_w.l(exit.o)
    0x080005b8   0x080005b8   0x00000008   Code   RO         3798    .text               c_w.l(libspace.o)
    0x080005c0   0x080005c0   0x00000004   Code   RO          623    i.BusFault_Handler  stm32f1xx_it.o
    0x080005c4   0x080005c4   0x00000002   Code   RO          624    i.DebugMon_Handler  stm32f1xx_it.o
    0x080005c6   0x080005c6   0x00000006   Code   RO          360    i.Error_Handler     main.o
    0x080005cc   0x080005cc   0x00000056   Code   RO         1645    i.HAL_DMA_Abort     stm32f1xx_hal_dma.o
    0x08000622   0x08000622   0x00000002   PAD
    0x08000624   0x08000624   0x000001a8   Code   RO         1646    i.HAL_DMA_Abort_IT  stm32f1xx_hal_dma.o
    0x080007cc   0x080007cc   0x00000008   Code   RO         1649    i.HAL_DMA_GetState  stm32f1xx_hal_dma.o
    0x080007d4   0x080007d4   0x00000028   Code   RO         1268    i.HAL_Delay         stm32f1xx_hal.o
    0x080007fc   0x080007fc   0x00000340   Code   RO         1581    i.HAL_GPIO_Init     stm32f1xx_hal_gpio.o
    0x08000b3c   0x08000b3c   0x00000010   Code   RO         1583    i.HAL_GPIO_ReadPin  stm32f1xx_hal_gpio.o
    0x08000b4c   0x08000b4c   0x00000014   Code   RO         1584    i.HAL_GPIO_TogglePin  stm32f1xx_hal_gpio.o
    0x08000b60   0x08000b60   0x0000000c   Code   RO         1585    i.HAL_GPIO_WritePin  stm32f1xx_hal_gpio.o
    0x08000b6c   0x08000b6c   0x0000000c   Code   RO         1272    i.HAL_GetTick       stm32f1xx_hal.o
    0x08000b78   0x08000b78   0x00000002   Code   RO          789    i.HAL_I2C_AbortCpltCallback  stm32f1xx_hal_i2c.o
    0x08000b7a   0x08000b7a   0x00000002   Code   RO          790    i.HAL_I2C_AddrCallback  stm32f1xx_hal_i2c.o
    0x08000b7c   0x08000b7c   0x000001da   Code   RO          794    i.HAL_I2C_EV_IRQHandler  stm32f1xx_hal_i2c.o
    0x08000d56   0x08000d56   0x00000002   Code   RO          796    i.HAL_I2C_ErrorCallback  stm32f1xx_hal_i2c.o
    0x08000d58   0x08000d58   0x000001d0   Code   RO          800    i.HAL_I2C_Init      stm32f1xx_hal_i2c.o
    0x08000f28   0x08000f28   0x00000002   Code   RO          802    i.HAL_I2C_ListenCpltCallback  stm32f1xx_hal_i2c.o
    0x08000f2a   0x08000f2a   0x00000002   Code   RO          803    i.HAL_I2C_MasterRxCpltCallback  stm32f1xx_hal_i2c.o
    0x08000f2c   0x08000f2c   0x00000002   Code   RO          804    i.HAL_I2C_MasterTxCpltCallback  stm32f1xx_hal_i2c.o
    0x08000f2e   0x08000f2e   0x00000002   Code   RO          816    i.HAL_I2C_MemRxCpltCallback  stm32f1xx_hal_i2c.o
    0x08000f30   0x08000f30   0x000000f8   Code   RO          205    i.HAL_I2C_MemTxCpltCallback  oled.o
    0x08001028   0x08001028   0x00000364   Code   RO          818    i.HAL_I2C_Mem_Read  stm32f1xx_hal_i2c.o
    0x0800138c   0x0800138c   0x00000164   Code   RO          821    i.HAL_I2C_Mem_Write  stm32f1xx_hal_i2c.o
    0x080014f0   0x080014f0   0x00000100   Code   RO          823    i.HAL_I2C_Mem_Write_IT  stm32f1xx_hal_i2c.o
    0x080015f0   0x080015f0   0x000000e0   Code   RO          451    i.HAL_I2C_MspInit   i2c.o
    0x080016d0   0x080016d0   0x00000002   Code   RO          826    i.HAL_I2C_SlaveRxCpltCallback  stm32f1xx_hal_i2c.o
    0x080016d2   0x080016d2   0x00000002   Code   RO          827    i.HAL_I2C_SlaveTxCpltCallback  stm32f1xx_hal_i2c.o
    0x080016d4   0x080016d4   0x00000018   Code   RO         1278    i.HAL_IncTick       stm32f1xx_hal.o
    0x080016ec   0x080016ec   0x00000028   Code   RO         1279    i.HAL_Init          stm32f1xx_hal.o
    0x08001714   0x08001714   0x0000004c   Code   RO         1280    i.HAL_InitTick      stm32f1xx_hal.o
    0x08001760   0x08001760   0x00000054   Code   RO          729    i.HAL_MspInit       stm32f1xx_hal_msp.o
    0x080017b4   0x080017b4   0x00000020   Code   RO         1741    i.HAL_NVIC_EnableIRQ  stm32f1xx_hal_cortex.o
    0x080017d4   0x080017d4   0x0000007c   Code   RO         1747    i.HAL_NVIC_SetPriority  stm32f1xx_hal_cortex.o
    0x08001850   0x08001850   0x00000028   Code   RO         1748    i.HAL_NVIC_SetPriorityGrouping  stm32f1xx_hal_cortex.o
    0x08001878   0x08001878   0x0000018c   Code   RO         1436    i.HAL_RCC_ClockConfig  stm32f1xx_hal_rcc.o
    0x08001a04   0x08001a04   0x0000000c   Code   RO         1441    i.HAL_RCC_GetHCLKFreq  stm32f1xx_hal_rcc.o
    0x08001a10   0x08001a10   0x00000020   Code   RO         1443    i.HAL_RCC_GetPCLK1Freq  stm32f1xx_hal_rcc.o
    0x08001a30   0x08001a30   0x00000020   Code   RO         1444    i.HAL_RCC_GetPCLK2Freq  stm32f1xx_hal_rcc.o
    0x08001a50   0x08001a50   0x00000094   Code   RO         1445    i.HAL_RCC_GetSysClockFreq  stm32f1xx_hal_rcc.o
    0x08001ae4   0x08001ae4   0x00000464   Code   RO         1448    i.HAL_RCC_OscConfig  stm32f1xx_hal_rcc.o
    0x08001f48   0x08001f48   0x00000034   Code   RO         1752    i.HAL_SYSTICK_Config  stm32f1xx_hal_cortex.o
    0x08001f7c   0x08001f7c   0x00000002   Code   RO         2984    i.HAL_TIMEx_BreakCallback  stm32f1xx_hal_tim_ex.o
    0x08001f7e   0x08001f7e   0x00000002   Code   RO         2985    i.HAL_TIMEx_CommutCallback  stm32f1xx_hal_tim_ex.o
    0x08001f80   0x08001f80   0x0000009c   Code   RO         3003    i.HAL_TIMEx_MasterConfigSynchronization  stm32f1xx_hal_tim_ex.o
    0x0800201c   0x0800201c   0x00000066   Code   RO         2269    i.HAL_TIM_Base_Init  stm32f1xx_hal_tim.o
    0x08002082   0x08002082   0x00000002   PAD
    0x08002084   0x08002084   0x0000007c   Code   RO          499    i.HAL_TIM_Base_MspInit  tim.o
    0x08002100   0x08002100   0x00000090   Code   RO         2274    i.HAL_TIM_Base_Start_IT  stm32f1xx_hal_tim.o
    0x08002190   0x08002190   0x00000002   Code   RO         2303    i.HAL_TIM_IC_CaptureCallback  stm32f1xx_hal_tim.o
    0x08002192   0x08002192   0x00000196   Code   RO         2317    i.HAL_TIM_IRQHandler  stm32f1xx_hal_tim.o
    0x08002328   0x08002328   0x00000002   Code   RO         2320    i.HAL_TIM_OC_DelayElapsedCallback  stm32f1xx_hal_tim.o
    0x0800232a   0x0800232a   0x00000002   Code   RO         2347    i.HAL_TIM_PWM_PulseFinishedCallback  stm32f1xx_hal_tim.o
    0x0800232c   0x0800232c   0x000000b0   Code   RO          361    i.HAL_TIM_PeriodElapsedCallback  main.o
    0x080023dc   0x080023dc   0x00000002   Code   RO         2360    i.HAL_TIM_TriggerCallback  stm32f1xx_hal_tim.o
    0x080023de   0x080023de   0x00000002   Code   RO         3262    i.HAL_UARTEx_RxEventCallback  stm32f1xx_hal_uart.o
    0x080023e0   0x080023e0   0x00000002   Code   RO         3276    i.HAL_UART_ErrorCallback  stm32f1xx_hal_uart.o
    0x080023e2   0x080023e2   0x00000002   PAD
    0x080023e4   0x080023e4   0x0000024c   Code   RO         3279    i.HAL_UART_IRQHandler  stm32f1xx_hal_uart.o
    0x08002630   0x08002630   0x00000072   Code   RO         3280    i.HAL_UART_Init     stm32f1xx_hal_uart.o
    0x080026a2   0x080026a2   0x00000002   PAD
    0x080026a4   0x080026a4   0x00000180   Code   RO          547    i.HAL_UART_MspInit  usart.o
    0x08002824   0x08002824   0x00000042   Code   RO         3285    i.HAL_UART_Receive_IT  stm32f1xx_hal_uart.o
    0x08002866   0x08002866   0x00000002   PAD
    0x08002868   0x08002868   0x00000074   Code   RO          362    i.HAL_UART_RxCpltCallback  main.o
    0x080028dc   0x080028dc   0x000000d2   Code   RO         3288    i.HAL_UART_Transmit  stm32f1xx_hal_uart.o
    0x080029ae   0x080029ae   0x00000002   Code   RO         3291    i.HAL_UART_TxCpltCallback  stm32f1xx_hal_uart.o
    0x080029b0   0x080029b0   0x00000004   Code   RO          625    i.HardFault_Handler  stm32f1xx_it.o
    0x080029b4   0x080029b4   0x00000010   Code   RO          626    i.I2C2_EV_IRQHandler  stm32f1xx_it.o
    0x080029c4   0x080029c4   0x0000001c   Code   RO          838    i.I2C_ConvertOtherXferOptions  stm32f1xx_hal_i2c.o
    0x080029e0   0x080029e0   0x000000f8   Code   RO          839    i.I2C_DMAAbort      stm32f1xx_hal_i2c.o
    0x08002ad8   0x08002ad8   0x000001ac   Code   RO          842    i.I2C_ITError       stm32f1xx_hal_i2c.o
    0x08002c84   0x08002c84   0x0000003e   Code   RO          843    i.I2C_IsAcknowledgeFailed  stm32f1xx_hal_i2c.o
    0x08002cc2   0x08002cc2   0x00000126   Code   RO          844    i.I2C_MasterReceive_BTF  stm32f1xx_hal_i2c.o
    0x08002de8   0x08002de8   0x000000e2   Code   RO          845    i.I2C_MasterReceive_RXNE  stm32f1xx_hal_i2c.o
    0x08002eca   0x08002eca   0x000000a0   Code   RO          848    i.I2C_MasterTransmit_BTF  stm32f1xx_hal_i2c.o
    0x08002f6a   0x08002f6a   0x000000d8   Code   RO          849    i.I2C_MasterTransmit_TXE  stm32f1xx_hal_i2c.o
    0x08003042   0x08003042   0x0000002a   Code   RO          850    i.I2C_Master_ADD10  stm32f1xx_hal_i2c.o
    0x0800306c   0x0800306c   0x00000280   Code   RO          851    i.I2C_Master_ADDR   stm32f1xx_hal_i2c.o
    0x080032ec   0x080032ec   0x0000009e   Code   RO          852    i.I2C_Master_SB     stm32f1xx_hal_i2c.o
    0x0800338a   0x0800338a   0x000000be   Code   RO          853    i.I2C_MemoryTransmit_TXE_BTF  stm32f1xx_hal_i2c.o
    0x08003448   0x08003448   0x00000160   Code   RO          854    i.I2C_RequestMemoryRead  stm32f1xx_hal_i2c.o
    0x080035a8   0x080035a8   0x000000e0   Code   RO          855    i.I2C_RequestMemoryWrite  stm32f1xx_hal_i2c.o
    0x08003688   0x08003688   0x0000001a   Code   RO          856    i.I2C_SlaveReceive_BTF  stm32f1xx_hal_i2c.o
    0x080036a2   0x080036a2   0x00000046   Code   RO          857    i.I2C_SlaveReceive_RXNE  stm32f1xx_hal_i2c.o
    0x080036e8   0x080036e8   0x0000001a   Code   RO          858    i.I2C_SlaveTransmit_BTF  stm32f1xx_hal_i2c.o
    0x08003702   0x08003702   0x00000046   Code   RO          859    i.I2C_SlaveTransmit_TXE  stm32f1xx_hal_i2c.o
    0x08003748   0x08003748   0x00000070   Code   RO          860    i.I2C_Slave_ADDR    stm32f1xx_hal_i2c.o
    0x080037b8   0x080037b8   0x0000018c   Code   RO          862    i.I2C_Slave_STOPF   stm32f1xx_hal_i2c.o
    0x08003944   0x08003944   0x0000005c   Code   RO          863    i.I2C_WaitOnBTFFlagUntilTimeout  stm32f1xx_hal_i2c.o
    0x080039a0   0x080039a0   0x00000086   Code   RO          864    i.I2C_WaitOnFlagUntilTimeout  stm32f1xx_hal_i2c.o
    0x08003a26   0x08003a26   0x000000c4   Code   RO          865    i.I2C_WaitOnMasterAddressFlagUntilTimeout  stm32f1xx_hal_i2c.o
    0x08003aea   0x08003aea   0x00000080   Code   RO          866    i.I2C_WaitOnRXNEFlagUntilTimeout  stm32f1xx_hal_i2c.o
    0x08003b6a   0x08003b6a   0x00000002   PAD
    0x08003b6c   0x08003b6c   0x00000050   Code   RO          868    i.I2C_WaitOnSTOPRequestThroughIT  stm32f1xx_hal_i2c.o
    0x08003bbc   0x08003bbc   0x0000005c   Code   RO          869    i.I2C_WaitOnTXEFlagUntilTimeout  stm32f1xx_hal_i2c.o
    0x08003c18   0x08003c18   0x000000f4   Code   RO          426    i.MX_GPIO_Init      gpio.o
    0x08003d0c   0x08003d0c   0x0000003c   Code   RO          452    i.MX_I2C1_Init      i2c.o
    0x08003d48   0x08003d48   0x0000003c   Code   RO          453    i.MX_I2C2_Init      i2c.o
    0x08003d84   0x08003d84   0x0000004c   Code   RO          500    i.MX_TIM6_Init      tim.o
    0x08003dd0   0x08003dd0   0x0000004c   Code   RO          501    i.MX_TIM7_Init      tim.o
    0x08003e1c   0x08003e1c   0x00000038   Code   RO          548    i.MX_UART4_Init     usart.o
    0x08003e54   0x08003e54   0x00000038   Code   RO          549    i.MX_USART1_UART_Init  usart.o
    0x08003e8c   0x08003e8c   0x00000038   Code   RO          550    i.MX_USART2_UART_Init  usart.o
    0x08003ec4   0x08003ec4   0x00000004   Code   RO          627    i.MemManage_Handler  stm32f1xx_it.o
    0x08003ec8   0x08003ec8   0x00000004   Code   RO          628    i.NMI_Handler       stm32f1xx_it.o
    0x08003ecc   0x08003ecc   0x00000090   Code   RO          307    i.Net_Things_Init   esp8266.o
    0x08003f5c   0x08003f5c   0x0000002c   Code   RO          206    i.OLED_Clear        oled.o
    0x08003f88   0x08003f88   0x00000244   Code   RO          208    i.OLED_Init         oled.o
    0x080041cc   0x080041cc   0x00000014   Code   RO          209    i.OLED_Set_Pos      oled.o
    0x080041e0   0x080041e0   0x00000060   Code   RO          210    i.OLED_ShowString   oled.o
    0x08004240   0x08004240   0x00000054   Code   RO          211    i.OLED_WR_Byte      oled.o
    0x08004294   0x08004294   0x00000128   Code   RO          212    i.OLED_drawChart    oled.o
    0x080043bc   0x080043bc   0x000000c0   Code   RO          213    i.OLED_showHeart    oled.o
    0x0800447c   0x0800447c   0x00000118   Code   RO          214    i.OLED_showNum      oled.o
    0x08004594   0x08004594   0x00000002   Code   RO          629    i.PendSV_Handler    stm32f1xx_it.o
    0x08004596   0x08004596   0x00000002   PAD
    0x08004598   0x08004598   0x000000dc   Code   RO          308    i.Property_Post     esp8266.o
    0x08004674   0x08004674   0x00000028   Code   RO         1449    i.RCC_Delay         stm32f1xx_hal_rcc.o
    0x0800469c   0x0800469c   0x00000002   Code   RO          630    i.SVC_Handler       stm32f1xx_it.o
    0x0800469e   0x0800469e   0x00000008   Code   RO          631    i.SysTick_Handler   stm32f1xx_it.o
    0x080046a6   0x080046a6   0x00000066   Code   RO          363    i.SystemClock_Config  main.o
    0x0800470c   0x0800470c   0x00000002   Code   RO         3619    i.SystemInit        system_stm32f1xx.o
    0x0800470e   0x0800470e   0x00000002   PAD
    0x08004710   0x08004710   0x00000010   Code   RO          632    i.TIM6_IRQHandler   stm32f1xx_it.o
    0x08004720   0x08004720   0x00000010   Code   RO          633    i.TIM7_IRQHandler   stm32f1xx_it.o
    0x08004730   0x08004730   0x0000009c   Code   RO         2362    i.TIM_Base_SetConfig  stm32f1xx_hal_tim.o
    0x080047cc   0x080047cc   0x00000010   Code   RO          634    i.UART4_IRQHandler  stm32f1xx_it.o
    0x080047dc   0x080047dc   0x00000014   Code   RO         3293    i.UART_DMAAbortOnError  stm32f1xx_hal_uart.o
    0x080047f0   0x080047f0   0x00000036   Code   RO         3303    i.UART_EndRxTransfer  stm32f1xx_hal_uart.o
    0x08004826   0x08004826   0x00000020   Code   RO         3304    i.UART_EndTransmit_IT  stm32f1xx_hal_uart.o
    0x08004846   0x08004846   0x000000e4   Code   RO         3306    i.UART_Receive_IT   stm32f1xx_hal_uart.o
    0x0800492a   0x0800492a   0x00000002   PAD
    0x0800492c   0x0800492c   0x000000fc   Code   RO         3307    i.UART_SetConfig    stm32f1xx_hal_uart.o
    0x08004a28   0x08004a28   0x00000046   Code   RO         3309    i.UART_Start_Receive_IT  stm32f1xx_hal_uart.o
    0x08004a6e   0x08004a6e   0x00000060   Code   RO         3310    i.UART_Transmit_IT  stm32f1xx_hal_uart.o
    0x08004ace   0x08004ace   0x0000006c   Code   RO         3311    i.UART_WaitOnFlagUntilTimeout  stm32f1xx_hal_uart.o
    0x08004b3a   0x08004b3a   0x00000002   PAD
    0x08004b3c   0x08004b3c   0x00000050   Code   RO          635    i.USART2_IRQHandler  stm32f1xx_it.o
    0x08004b8c   0x08004b8c   0x00000004   Code   RO          636    i.UsageFault_Handler  stm32f1xx_it.o
    0x08004b90   0x08004b90   0x00000010   Code   RO         1754    i.__NVIC_GetPriorityGrouping  stm32f1xx_hal_cortex.o
    0x08004ba0   0x08004ba0   0x00000028   Code   RO         1755    i.__NVIC_SetPriority  stm32f1xx_hal_cortex.o
    0x08004bc8   0x08004bc8   0x00000004   Code   RO          551    i._sys_exit         usart.o
    0x08004bcc   0x08004bcc   0x00000038   Code   RO           13    i.buffInsert        max30102.o
    0x08004c04   0x08004c04   0x000000c0   Code   RO           14    i.calAcDc           max30102.o
    0x08004cc4   0x08004cc4   0x0000003c   Code   RO           15    i.filter            max30102.o
    0x08004d00   0x08004d00   0x0000001c   Code   RO          553    i.fputc             usart.o
    0x08004d1c   0x08004d1c   0x000001bc   Code   RO          364    i.main              main.o
    0x08004ed8   0x08004ed8   0x0000000e   Code   RO          215    i.max               oled.o
    0x08004ee6   0x08004ee6   0x00000002   PAD
    0x08004ee8   0x08004ee8   0x0000021c   Code   RO           18    i.max30102_cal      max30102.o
    0x08005104   0x08005104   0x0000000c   Code   RO           19    i.max30102_getDiff  max30102.o
    0x08005110   0x08005110   0x000000b0   Code   RO           20    i.max30102_getFIFO  max30102.o
    0x080051c0   0x080051c0   0x0000000c   Code   RO           21    i.max30102_getHeartRate  max30102.o
    0x080051cc   0x080051cc   0x0000000c   Code   RO           22    i.max30102_getSpO2  max30102.o
    0x080051d8   0x080051d8   0x0000004c   Code   RO           23    i.max30102_getStatus  max30102.o
    0x08005224   0x08005224   0x0000006c   Code   RO           24    i.max30102_getUnreadSampleCount  max30102.o
    0x08005290   0x08005290   0x00000140   Code   RO           25    i.max30102_init     max30102.o
    0x080053d0   0x080053d0   0x0000000e   Code   RO          216    i.min               oled.o
    0x080053de   0x080053de   0x00000002   PAD
    0x080053e0   0x080053e0   0x00000150   Code   RO         3698    x$fpl$dadd          fz_ws.l(daddsub_clz.o)
    0x08005530   0x08005530   0x00000018   Code   RO         3752    x$fpl$dcmpinf       fz_ws.l(dcmpi.o)
    0x08005548   0x08005548   0x000002b0   Code   RO         3705    x$fpl$ddiv          fz_ws.l(ddiv.o)
    0x080057f8   0x080057f8   0x0000005a   Code   RO         3708    x$fpl$dfixu         fz_ws.l(dfixu.o)
    0x08005852   0x08005852   0x00000002   PAD
    0x08005854   0x08005854   0x00000078   Code   RO         3712    x$fpl$dleqf         fz_ws.l(dleqf.o)
    0x080058cc   0x080058cc   0x00000154   Code   RO         3714    x$fpl$dmul          fz_ws.l(dmul.o)
    0x08005a20   0x08005a20   0x0000009c   Code   RO         3754    x$fpl$dnaninf       fz_ws.l(dnaninf.o)
    0x08005abc   0x08005abc   0x0000000c   Code   RO         3756    x$fpl$dretinf       fz_ws.l(dretinf.o)
    0x08005ac8   0x08005ac8   0x0000006c   Code   RO         3716    x$fpl$drleqf        fz_ws.l(drleqf.o)
    0x08005b34   0x08005b34   0x00000016   Code   RO         3699    x$fpl$drsb          fz_ws.l(daddsub_clz.o)
    0x08005b4a   0x08005b4a   0x00000002   PAD
    0x08005b4c   0x08005b4c   0x000001d4   Code   RO         3700    x$fpl$dsub          fz_ws.l(daddsub_clz.o)
    0x08005d20   0x08005d20   0x00000056   Code   RO         3718    x$fpl$f2d           fz_ws.l(f2d.o)
    0x08005d76   0x08005d76   0x00000002   PAD
    0x08005d78   0x08005d78   0x000000c4   Code   RO         3720    x$fpl$fadd          fz_ws.l(faddsub_clz.o)
    0x08005e3c   0x08005e3c   0x00000018   Code   RO         3758    x$fpl$fcmpinf       fz_ws.l(fcmpi.o)
    0x08005e54   0x08005e54   0x00000184   Code   RO         3727    x$fpl$fdiv          fz_ws.l(fdiv.o)
    0x08005fd8   0x08005fd8   0x0000003e   Code   RO         3730    x$fpl$ffixu         fz_ws.l(ffixu.o)
    0x08006016   0x08006016   0x00000002   PAD
    0x08006018   0x08006018   0x00000030   Code   RO         3735    x$fpl$fflt          fz_ws.l(fflt_clz.o)
    0x08006048   0x08006048   0x00000026   Code   RO         3734    x$fpl$ffltu         fz_ws.l(fflt_clz.o)
    0x0800606e   0x0800606e   0x00000002   PAD
    0x08006070   0x08006070   0x00000068   Code   RO         3740    x$fpl$fleqf         fz_ws.l(fleqf.o)
    0x080060d8   0x080060d8   0x00000102   Code   RO         3742    x$fpl$fmul          fz_ws.l(fmul.o)
    0x080061da   0x080061da   0x0000008c   Code   RO         3760    x$fpl$fnaninf       fz_ws.l(fnaninf.o)
    0x08006266   0x08006266   0x0000000a   Code   RO         3762    x$fpl$fretinf       fz_ws.l(fretinf.o)
    0x08006270   0x08006270   0x00000014   Code   RO         3721    x$fpl$frsb          fz_ws.l(faddsub_clz.o)
    0x08006284   0x08006284   0x000000ea   Code   RO         3722    x$fpl$fsub          fz_ws.l(faddsub_clz.o)
    0x0800636e   0x0800636e   0x00000000   Code   RO         3764    x$fpl$usenofp       fz_ws.l(usenofp.o)
    0x0800636e   0x0800636e   0x00000278   Data   RO          218    .constdata          oled.o
    0x080065e6   0x080065e6   0x00000018   Data   RO         3620    .constdata          system_stm32f1xx.o
    0x080065fe   0x080065fe   0x00000002   PAD
    0x08006600   0x08006600   0x00000020   Data   RO         3923    Region$$Table       anon$$obj.o


    Execution Region RW_IRAM1 (Exec base: 0x20000000, Load base: 0x08006620, Size: 0x00001180, Max: 0x00010000, ABSOLUTE, COMPRESSED[0x000001e4])

    Exec Addr    Load Addr    Size         Type   Attr      Idx    E Section Name        Object

    0x20000000   COMPRESSED   0x00000018   Data   RW           27    .data               max30102.o
    0x20000018   COMPRESSED   0x00000007   Data   RW          219    .data               oled.o
    0x2000001f   COMPRESSED   0x00000273   Data   RW          310    .data               esp8266.o
    0x20000292   COMPRESSED   0x00000002   PAD
    0x20000294   COMPRESSED   0x00000009   Data   RW          366    .data               main.o
    0x2000029d   COMPRESSED   0x00000003   PAD
    0x200002a0   COMPRESSED   0x00000008   Data   RW          555    .data               usart.o
    0x200002a8   COMPRESSED   0x00000009   Data   RW         1286    .data               stm32f1xx_hal.o
    0x200002b1   COMPRESSED   0x00000003   PAD
    0x200002b4   COMPRESSED   0x00000004   Data   RW         3621    .data               system_stm32f1xx.o
    0x200002b8        -       0x0000019a   Zero   RW           26    .bss                max30102.o
    0x20000452        -       0x00000400   Zero   RW          217    .bss                oled.o
    0x20000852   COMPRESSED   0x00000002   PAD
    0x20000854        -       0x000000a8   Zero   RW          454    .bss                i2c.o
    0x200008fc        -       0x00000090   Zero   RW          502    .bss                tim.o
    0x2000098c        -       0x00000194   Zero   RW          554    .bss                usart.o
    0x20000b20        -       0x00000060   Zero   RW         3799    .bss                c_w.l(libspace.o)
    0x20000b80        -       0x00000200   Zero   RW            2    HEAP                startup_stm32f103xe.o
    0x20000d80        -       0x00000400   Zero   RW            1    STACK               startup_stm32f103xe.o


==============================================================================

Image component sizes


      Code (inc. data)   RO Data    RW Data    ZI Data      Debug   Object Name

       364         54          0        627          0       2354   esp8266.o
       244         18          0          0          0        935   gpio.o
       344         42          0          0        168       2074   i2c.o
       844        122          0          9          0       3446   main.o
      1564        132          0         24        410     501418   max30102.o
      1868        210        632          7       1024       8496   oled.o
        64         26        304          0       1536        784   startup_stm32f103xe.o
       192         36          0          9          0       6277   stm32f1xx_hal.o
       304         22          0          0          0      29219   stm32f1xx_hal_cortex.o
       518         10          0          0          0       2350   stm32f1xx_hal_dma.o
       880         40          0          0          0       3812   stm32f1xx_hal_gpio.o
      7126         90          0          0          0      30611   stm32f1xx_hal_i2c.o
        84          8          0          0          0        838   stm32f1xx_hal_msp.o
      1784        110          0          0          0       5792   stm32f1xx_hal_rcc.o
       816         44          0          0          0       5359   stm32f1xx_hal_tim.o
       160         22          0          0          0       2293   stm32f1xx_hal_tim_ex.o
      1844         10          0          0          0      10820   stm32f1xx_hal_uart.o
       178         44          0          0          0       5870   stm32f1xx_it.o
         2          0         24          4          0       1035   system_stm32f1xx.o
       276         30          0          0        144       2019   tim.o
       584         60          0          8        404       5110   usart.o

    ----------------------------------------------------------------------
     20064       1130        994        696       3688     630912   Object Totals
         0          0         32          0          0          0   (incl. Generated)
        24          0          2          8          2          0   (incl. Padding)

    ----------------------------------------------------------------------

      Code (inc. data)   RO Data    RW Data    ZI Data      Debug   Library Member Name

        90          0          0          0          0          0   __dczerorl2.o
         8          0          0          0          0         68   __main.o
       104          0          0          0          0         84   __printf.o
         0          0          0          0          0          0   __rtentry.o
        12          0          0          0          0          0   __rtentry2.o
         6          0          0          0          0          0   __rtentry4.o
        52          8          0          0          0          0   __scatter.o
        28          0          0          0          0          0   __scatter_zi.o
        48          6          0          0          0         96   _printf_char_common.o
        36          4          0          0          0         80   _printf_char_file.o
         6          0          0          0          0          0   _printf_d.o
       120         16          0          0          0         92   _printf_dec.o
       178          0          0          0          0         88   _printf_intcommon.o
         0          0          0          0          0          0   _printf_percent.o
         4          0          0          0          0          0   _printf_percent_end.o
        18          0          0          0          0         80   exit.o
         8          0          0          0          0         68   ferror.o
         6          0          0          0          0        152   heapauxi.o
         2          0          0          0          0          0   libinit.o
         2          0          0          0          0          0   libinit2.o
         2          0          0          0          0          0   libshutdown.o
         2          0          0          0          0          0   libshutdown2.o
         8          4          0          0         96         68   libspace.o
        24          4          0          0          0         84   noretval__2printf.o
        68          0          0          0          0         68   rt_memclr.o
        78          0          0          0          0         80   rt_memclr_w.o
       100          0          0          0          0         80   rt_memcpy_w.o
         2          0          0          0          0          0   rtexit.o
        10          0          0          0          0          0   rtexit2.o
        74          0          0          0          0         80   sys_stackheap_outer.o
         2          0          0          0          0         68   use_no_semi.o
         2          0          0          0          0         68   use_no_semi_2.o
       826         16          0          0          0        348   daddsub_clz.o
        24          0          0          0          0         68   dcmpi.o
       688        140          0          0          0        208   ddiv.o
        90          4          0          0          0         92   dfixu.o
       120          4          0          0          0         92   dleqf.o
       340         12          0          0          0        104   dmul.o
       156          4          0          0          0         92   dnaninf.o
        12          0          0          0          0         68   dretinf.o
       108          0          0          0          0         80   drleqf.o
        86          4          0          0          0         84   f2d.o
       450          8          0          0          0        236   faddsub_clz.o
        24          0          0          0          0         68   fcmpi.o
       388         76          0          0          0         96   fdiv.o
        62          4          0          0          0         84   ffixu.o
        86          0          0          0          0        136   fflt_clz.o
       104          4          0          0          0         84   fleqf.o
       258          4          0          0          0         84   fmul.o
       140          4          0          0          0         84   fnaninf.o
        10          0          0          0          0         68   fretinf.o
         0          0          0          0          0          0   usenofp.o

    ----------------------------------------------------------------------
      5086        326          0          0         96       3580   Library Totals
        14          0          0          0          0          0   (incl. Padding)

    ----------------------------------------------------------------------

      Code (inc. data)   RO Data    RW Data    ZI Data      Debug   Library Name

      1100         42          0          0         96       1404   c_w.l
      3972        284          0          0          0       2176   fz_ws.l

    ----------------------------------------------------------------------
      5086        326          0          0         96       3580   Library Totals

    ----------------------------------------------------------------------

==============================================================================


      Code (inc. data)   RO Data    RW Data    ZI Data      Debug   

     25150       1456        994        696       3784     625128   Grand Totals
     25150       1456        994        484       3784     625128   ELF Image Totals (compressed)
     25150       1456        994        484          0          0   ROM Totals

==============================================================================

    Total RO  Size (Code + RO Data)                26144 (  25.53kB)
    Total RW  Size (RW Data + ZI Data)              4480 (   4.38kB)
    Total ROM Size (Code + RO Data + RW Data)      26628 (  26.00kB)

==============================================================================

